Component: ARM Compiler 5.06 update 6 (build 750) Tool: armlink [4d35ed]

==============================================================================

Section Cross References

    startup_stm32f407xx.o(RESET) refers to startup_stm32f407xx.o(STACK) for __initial_sp
    startup_stm32f407xx.o(RESET) refers to startup_stm32f407xx.o(.text) for Reset_Handler
    startup_stm32f407xx.o(RESET) refers to stm32f4xx_it.o(i.NMI_Handler) for NMI_Handler
    startup_stm32f407xx.o(RESET) refers to stm32f4xx_it.o(i.HardFault_Handler) for HardFault_Handler
    startup_stm32f407xx.o(RESET) refers to stm32f4xx_it.o(i.MemManage_Handler) for MemManage_Handler
    startup_stm32f407xx.o(RESET) refers to stm32f4xx_it.o(i.BusFault_Handler) for BusFault_Handler
    startup_stm32f407xx.o(RESET) refers to stm32f4xx_it.o(i.UsageFault_Handler) for UsageFault_Handler
    startup_stm32f407xx.o(RESET) refers to port.o(.emb_text) for SVC_Handler
    startup_stm32f407xx.o(RESET) refers to stm32f4xx_it.o(i.DebugMon_Handler) for DebugMon_Handler
    startup_stm32f407xx.o(RESET) refers to port.o(i.SysTick_Handler) for SysTick_Handler
    startup_stm32f407xx.o(RESET) refers to stm32f4xx_it.o(i.TIM3_IRQHandler) for TIM3_IRQHandler
    startup_stm32f407xx.o(RESET) refers to stm32f4xx_it.o(i.SDIO_IRQHandler) for SDIO_IRQHandler
    startup_stm32f407xx.o(RESET) refers to stm32f4xx_it.o(i.DMA2_Stream3_IRQHandler) for DMA2_Stream3_IRQHandler
    startup_stm32f407xx.o(RESET) refers to stm32f4xx_it.o(i.DMA2_Stream6_IRQHandler) for DMA2_Stream6_IRQHandler
    startup_stm32f407xx.o(.text) refers to system_stm32f4xx.o(i.SystemInit) for SystemInit
    startup_stm32f407xx.o(.text) refers to entry.o(.ARM.Collect$$$$00000000) for __main
    main.o(i.HAL_TIM_PeriodElapsedCallback) refers to stm32f4xx_hal.o(i.HAL_IncTick) for HAL_IncTick
    main.o(i.MX_DMA_Init) refers to stm32f4xx_hal_cortex.o(i.HAL_NVIC_SetPriority) for HAL_NVIC_SetPriority
    main.o(i.MX_DMA_Init) refers to stm32f4xx_hal_cortex.o(i.HAL_NVIC_EnableIRQ) for HAL_NVIC_EnableIRQ
    main.o(i.MX_GPIO_Init) refers to memseta.o(.text) for __aeabi_memclr4
    main.o(i.MX_GPIO_Init) refers to stm32f4xx_hal_gpio.o(i.HAL_GPIO_WritePin) for HAL_GPIO_WritePin
    main.o(i.MX_GPIO_Init) refers to stm32f4xx_hal_gpio.o(i.HAL_GPIO_Init) for HAL_GPIO_Init
    main.o(i.MX_SDIO_SD_Init) refers to main.o(.bss) for hsd
    main.o(i.SystemClock_Config) refers to memseta.o(.text) for __aeabi_memclr4
    main.o(i.SystemClock_Config) refers to stm32f4xx_hal_rcc.o(i.HAL_RCC_OscConfig) for HAL_RCC_OscConfig
    main.o(i.SystemClock_Config) refers to main.o(i.Error_Handler) for Error_Handler
    main.o(i.SystemClock_Config) refers to stm32f4xx_hal_rcc.o(i.HAL_RCC_ClockConfig) for HAL_RCC_ClockConfig
    main.o(i.main) refers to stm32f4xx_hal.o(i.HAL_Init) for HAL_Init
    main.o(i.main) refers to main.o(i.SystemClock_Config) for SystemClock_Config
    main.o(i.main) refers to main.o(i.MX_GPIO_Init) for MX_GPIO_Init
    main.o(i.main) refers to main.o(i.MX_DMA_Init) for MX_DMA_Init
    main.o(i.main) refers to main.o(i.MX_SDIO_SD_Init) for MX_SDIO_SD_Init
    main.o(i.main) refers to cmsis_os.o(i.osMutexCreate) for osMutexCreate
    main.o(i.main) refers to memcpya.o(.text) for __aeabi_memcpy4
    main.o(i.main) refers to cmsis_os.o(i.osThreadCreate) for osThreadCreate
    main.o(i.main) refers to cmsis_os.o(i.osKernelStart) for osKernelStart
    main.o(i.main) refers to main.o(.data) for myMutex01Handle
    main.o(i.main) refers to main.o(.constdata) for .constdata
    main.o(i.taskT1) refers to fatfs.o(i.MX_FATFS_Init) for MX_FATFS_Init
    main.o(i.taskT1) refers to stm32f4xx_hal_gpio.o(i.HAL_GPIO_TogglePin) for HAL_GPIO_TogglePin
    main.o(i.taskT1) refers to cmsis_os.o(i.osDelay) for osDelay
    main.o(i.taskT2) refers to stm32f4xx_hal_gpio.o(i.HAL_GPIO_TogglePin) for HAL_GPIO_TogglePin
    main.o(i.taskT2) refers to ff.o(i.f_mount) for f_mount
    main.o(i.taskT2) refers to ff.o(i.f_open) for f_open
    main.o(i.taskT2) refers to ff.o(i.f_write) for f_write
    main.o(i.taskT2) refers to ff.o(i.f_close) for f_close
    main.o(i.taskT2) refers to stm32f4xx_hal_gpio.o(i.HAL_GPIO_WritePin) for HAL_GPIO_WritePin
    main.o(i.taskT2) refers to cmsis_os.o(i.osDelay) for osDelay
    main.o(i.taskT2) refers to main.o(.data) for fileOnce
    main.o(i.taskT2) refers to fatfs.o(.data) for SDPath
    main.o(i.taskT2) refers to main.o(.bss) for myfile
    main.o(.constdata) refers to main.o(.conststring) for .conststring
    main.o(.constdata) refers to main.o(i.taskT1) for taskT1
    main.o(.constdata) refers to main.o(i.taskT2) for taskT2
    bsp_driver_sd.o(i.BSP_SD_DMA_Rx_IRQHandler) refers to stm32f4xx_hal_dma.o(i.HAL_DMA_IRQHandler) for HAL_DMA_IRQHandler
    bsp_driver_sd.o(i.BSP_SD_DMA_Rx_IRQHandler) refers to main.o(.bss) for hsd
    bsp_driver_sd.o(i.BSP_SD_DMA_Tx_IRQHandler) refers to stm32f4xx_hal_dma.o(i.HAL_DMA_IRQHandler) for HAL_DMA_IRQHandler
[...]
    i.ff_rel_grant                           0x080041e4   Section        0  syscall.o(i.ff_rel_grant)
    i.ff_req_grant                           0x080041f0   Section        0  syscall.o(i.ff_req_grant)
    i.find_volume                            0x08004208   Section        0  ff.o(i.find_volume)
    find_volume                              0x08004209   Thumb Code   840  ff.o(i.find_volume)
    i.follow_path                            0x08004560   Section        0  ff.o(i.follow_path)
    follow_path                              0x08004561   Thumb Code   174  ff.o(i.follow_path)
    i.get_fat                                0x0800460e   Section        0  ff.o(i.get_fat)
    get_fat                                  0x0800460f   Thumb Code   306  ff.o(i.get_fat)
    i.get_fattime                            0x08004740   Section        0  fatfs.o(i.get_fattime)
    i.get_ldnumber                           0x08004744   Section        0  ff.o(i.get_ldnumber)
    get_ldnumber                             0x08004745   Thumb Code    72  ff.o(i.get_ldnumber)
    i.inHandlerMode                          0x0800478c   Section        0  cmsis_os.o(i.inHandlerMode)
    inHandlerMode                            0x0800478d   Thumb Code    16  cmsis_os.o(i.inHandlerMode)
    i.inc_lock                               0x0800479c   Section        0  ff.o(i.inc_lock)
    inc_lock                                 0x0800479d   Thumb Code   182  ff.o(i.inc_lock)
    i.ld_clust                               0x08004858   Section        0  ff.o(i.ld_clust)
    ld_clust                                 0x08004859   Thumb Code    38  ff.o(i.ld_clust)
    i.ld_dword                               0x0800487e   Section        0  ff.o(i.ld_dword)
    ld_dword                                 0x0800487f   Thumb Code    24  ff.o(i.ld_dword)
    i.ld_word                                0x08004896   Section        0  ff.o(i.ld_word)
    ld_word                                  0x08004897   Thumb Code    12  ff.o(i.ld_word)
    i.lock_fs                                0x080048a2   Section        0  ff.o(i.lock_fs)
    lock_fs                                  0x080048a3   Thumb Code    22  ff.o(i.lock_fs)
    i.main                                   0x080048b8   Section        0  main.o(i.main)
    i.makeFreeRtosPriority                   0x08004924   Section        0  cmsis_os.o(i.makeFreeRtosPriority)
    makeFreeRtosPriority                     0x08004925   Thumb Code    14  cmsis_os.o(i.makeFreeRtosPriority)
    i.mem_cmp                                0x08004932   Section        0  ff.o(i.mem_cmp)
    mem_cmp                                  0x08004933   Thumb Code    36  ff.o(i.mem_cmp)
    i.mem_cpy                                0x08004956   Section        0  ff.o(i.mem_cpy)
    mem_cpy                                  0x08004957   Thumb Code    26  ff.o(i.mem_cpy)
    i.mem_set                                0x08004970   Section        0  ff.o(i.mem_set)
    mem_set                                  0x08004971   Thumb Code    18  ff.o(i.mem_set)
    i.move_window                            0x08004982   Section        0  ff.o(i.move_window)
    move_window                              0x08004983   Thumb Code    52  ff.o(i.move_window)
    i.osDelay                                0x080049b6   Section        0  cmsis_os.o(i.osDelay)
    i.osKernelRunning                        0x080049ce   Section        0  cmsis_os.o(i.osKernelRunning)
    i.osKernelStart                          0x080049e0   Section        0  cmsis_os.o(i.osKernelStart)
    i.osKernelSysTick                        0x080049ea   Section        0  cmsis_os.o(i.osKernelSysTick)
    i.osMessageCreate                        0x080049fe   Section        0  cmsis_os.o(i.osMessageCreate)
    i.osMessageGet                           0x08004a10   Section        0  cmsis_os.o(i.osMessageGet)
    i.osMessagePut                           0x08004aac   Section        0  cmsis_os.o(i.osMessagePut)
    i.osMutexCreate                          0x08004b0c   Section        0  cmsis_os.o(i.osMutexCreate)
    i.osSemaphoreCreate                      0x08004b18   Section        0  cmsis_os.o(i.osSemaphoreCreate)
    i.osSemaphoreDelete                      0x08004b44   Section        0  cmsis_os.o(i.osSemaphoreDelete)
    i.osSemaphoreRelease                     0x08004b5c   Section        0  cmsis_os.o(i.osSemaphoreRelease)
    i.osSemaphoreWait                        0x08004bac   Section        0  cmsis_os.o(i.osSemaphoreWait)
    i.osThreadCreate                         0x08004c18   Section        0  cmsis_os.o(i.osThreadCreate)
    i.prvAddCurrentTaskToDelayedList         0x08004c48   Section        0  tasks.o(i.prvAddCurrentTaskToDelayedList)
    prvAddCurrentTaskToDelayedList           0x08004c49   Thumb Code   124  tasks.o(i.prvAddCurrentTaskToDelayedList)
    i.prvAddNewTaskToReadyList               0x08004ce0   Section        0  tasks.o(i.prvAddNewTaskToReadyList)
    prvAddNewTaskToReadyList                 0x08004ce1   Thumb Code   150  tasks.o(i.prvAddNewTaskToReadyList)
    i.prvCheckTasksWaitingTermination        0x08004d94   Section        0  tasks.o(i.prvCheckTasksWaitingTermination)
    prvCheckTasksWaitingTermination          0x08004d95   Thumb Code    86  tasks.o(i.prvCheckTasksWaitingTermination)
    i.prvCopyDataFromQueue                   0x08004df8   Section        0  queue.o(i.prvCopyDataFromQueue)
    prvCopyDataFromQueue                     0x08004df9   Thumb Code    42  queue.o(i.prvCopyDataFromQueue)
    i.prvCopyDataToQueue                     0x08004e22   Section        0  queue.o(i.prvCopyDataToQueue)
    prvCopyDataToQueue                       0x08004e23   Thumb Code   124  queue.o(i.prvCopyDataToQueue)
    i.prvDeleteTCB                           0x08004e9e   Section        0  tasks.o(i.prvDeleteTCB)
    prvDeleteTCB                             0x08004e9f   Thumb Code    18  tasks.o(i.prvDeleteTCB)
    i.prvHeapInit                            0x08004eb0   Section        0  heap_4.o(i.prvHeapInit)
    prvHeapInit                              0x08004eb1   Thumb Code    98  heap_4.o(i.prvHeapInit)
    i.prvIdleTask                            0x08004f2c   Section        0  tasks.o(i.prvIdleTask)
    prvIdleTask                              0x08004f2d   Thumb Code    32  tasks.o(i.prvIdleTask)
    i.prvInitialiseMutex                     0x08004f54   Section        0  queue.o(i.prvInitialiseMutex)
    prvInitialiseMutex                       0x08004f55   Thumb Code    28  queue.o(i.prvInitialiseMutex)
    i.prvInitialiseNewQueue                  0x08004f70   Section        0  queue.o(i.prvInitialiseNewQueue)
    prvInitialiseNewQueue                    0x08004f71   Thumb Code    38  queue.o(i.prvInitialiseNewQueue)
    i.prvInitialiseNewTask                   0x08004f96   Section        0  tasks.o(i.prvInitialiseNewTask)
    prvInitialiseNewTask                     0x08004f97   Thumb Code   170  tasks.o(i.prvInitialiseNewTask)
    i.prvInitialiseTaskLists                 0x08005040   Section        0  tasks.o(i.prvInitialiseTaskLists)
    prvInitialiseTaskLists                   0x08005041   Thumb Code    70  tasks.o(i.prvInitialiseTaskLists)
    i.prvInsertBlockIntoFreeList             0x080050a8   Section        0  heap_4.o(i.prvInsertBlockIntoFreeList)
    prvInsertBlockIntoFreeList               0x080050a9   Thumb Code    96  heap_4.o(i.prvInsertBlockIntoFreeList)
    i.prvIsQueueEmpty                        0x08005110   Section        0  queue.o(i.prvIsQueueEmpty)
    prvIsQueueEmpty                          0x08005111   Thumb Code    26  queue.o(i.prvIsQueueEmpty)
    i.prvIsQueueFull                         0x0800512a   Section        0  queue.o(i.prvIsQueueFull)
    prvIsQueueFull                           0x0800512b   Thumb Code    30  queue.o(i.prvIsQueueFull)
    i.prvResetNextTaskUnblockTime            0x08005148   Section        0  tasks.o(i.prvResetNextTaskUnblockTime)
    prvResetNextTaskUnblockTime              0x08005149   Thumb Code    42  tasks.o(i.prvResetNextTaskUnblockTime)
    i.prvTaskExitError                       0x0800517c   Section        0  port.o(i.prvTaskExitError)
    prvTaskExitError                         0x0800517d   Thumb Code    60  port.o(i.prvTaskExitError)
    i.prvUnlockQueue                         0x080051bc   Section        0  queue.o(i.prvUnlockQueue)
    prvUnlockQueue                           0x080051bd   Thumb Code   126  queue.o(i.prvUnlockQueue)
    i.put_fat                                0x0800523a   Section        0  ff.o(i.put_fat)
    put_fat                                  0x0800523b   Thumb Code   400  ff.o(i.put_fat)
    i.pvPortMalloc                           0x080053cc   Section        0  heap_4.o(i.pvPortMalloc)
    i.pvTaskIncrementMutexHeldCount          0x08005508   Section        0  tasks.o(i.pvTaskIncrementMutexHeldCount)
    i.pxPortInitialiseStack                  0x08005528   Section        0  port.o(i.pxPortInitialiseStack)
    i.remove_chain                           0x08005554   Section        0  ff.o(i.remove_chain)
    remove_chain                             0x08005555   Thumb Code   154  ff.o(i.remove_chain)
    i.st_clust                               0x080055ee   Section        0  ff.o(i.st_clust)
    st_clust                                 0x080055ef   Thumb Code    36  ff.o(i.st_clust)
    i.st_dword                               0x08005612   Section        0  ff.o(i.st_dword)
    st_dword                                 0x08005613   Thumb Code    24  ff.o(i.st_dword)
    i.st_word                                0x0800562a   Section        0  ff.o(i.st_word)
    st_word                                  0x0800562b   Thumb Code    12  ff.o(i.st_word)
    i.sync_fs                                0x08005638   Section        0  ff.o(i.sync_fs)
    sync_fs                                  0x08005639   Thumb Code   134  ff.o(i.sync_fs)
    i.sync_window                            0x080056c8   Section        0  ff.o(i.sync_window)
    sync_window                              0x080056c9   Thumb Code    82  ff.o(i.sync_window)
    i.taskT1                                 0x0800571c   Section        0  main.o(i.taskT1)
    i.taskT2                                 0x0800573c   Section        0  main.o(i.taskT2)
    i.unlock_fs                              0x080057d0   Section        0  ff.o(i.unlock_fs)
    unlock_fs                                0x080057d1   Thumb Code    28  ff.o(i.unlock_fs)
    i.uxListRemove                           0x080057ec   Section        0  list.o(i.uxListRemove)
    i.vListInitialise                        0x08005814   Section        0  list.o(i.vListInitialise)
    i.vListInitialiseItem                    0x0800582e   Section        0  list.o(i.vListInitialiseItem)
    i.vListInsert                            0x08005834   Section        0  list.o(i.vListInsert)
    i.vListInsertEnd                         0x08005868   Section        0  list.o(i.vListInsertEnd)
    i.vPortEnterCritical                     0x08005880   Section        0  port.o(i.vPortEnterCritical)
    i.vPortExitCritical                      0x080058d4   Section        0  port.o(i.vPortExitCritical)
    i.vPortFree                              0x08005910   Section        0  heap_4.o(i.vPortFree)
    i.vPortSetupTimerInterrupt               0x080059a4   Section        0  port.o(i.vPortSetupTimerInterrupt)
    i.vPortValidateInterruptPriority         0x080059c4   Section        0  port.o(i.vPortValidateInterruptPriority)
    i.vQueueDelete                           0x08005a3c   Section        0  queue.o(i.vQueueDelete)
    i.vQueueUnregisterQueue                  0x08005a68   Section        0  queue.o(i.vQueueUnregisterQueue)
    i.vTaskDelay                             0x08005a98   Section        0  tasks.o(i.vTaskDelay)
    i.vTaskMissedYield                       0x08005af4   Section        0  tasks.o(i.vTaskMissedYield)
    i.vTaskPlaceOnEventList                  0x08005b00   Section        0  tasks.o(i.vTaskPlaceOnEventList)
    i.vTaskPriorityInherit                   0x08005b38   Section        0  tasks.o(i.vTaskPriorityInherit)
    i.vTaskSetTimeOutState                   0x08005be8   Section        0  tasks.o(i.vTaskSetTimeOutState)
    i.vTaskStartScheduler                    0x08005c18   Section        0  tasks.o(i.vTaskStartScheduler)
    i.vTaskSuspendAll                        0x08005ca0   Section        0  tasks.o(i.vTaskSuspendAll)
    i.vTaskSwitchContext                     0x08005cb0   Section        0  tasks.o(i.vTaskSwitchContext)
    i.validate                               0x08005d3c   Section        0  ff.o(i.validate)
    validate                                 0x08005d3d   Thumb Code    72  ff.o(i.validate)
    i.xPortStartScheduler                    0x08005d84   Section        0  port.o(i.xPortStartScheduler)
    i.xQueueCreateMutex                      0x08005ec0   Section        0  queue.o(i.xQueueCreateMutex)
    i.xQueueGenericCreate                    0x08005ee2   Section        0  queue.o(i.xQueueGenericCreate)
    i.xQueueGenericReceive                   0x08005f3c   Section        0  queue.o(i.xQueueGenericReceive)
    i.xQueueGenericReset                     0x08006100   Section        0  queue.o(i.xQueueGenericReset)
    i.xQueueGenericSend                      0x08006198   Section        0  queue.o(i.xQueueGenericSend)
    i.xQueueGenericSendFromISR               0x08006340   Section        0  queue.o(i.xQueueGenericSendFromISR)
    i.xQueueGiveFromISR                      0x08006438   Section        0  queue.o(i.xQueueGiveFromISR)
    i.xQueueReceiveFromISR                   0x08006518   Section        0  queue.o(i.xQueueReceiveFromISR)
    i.xTaskCheckForTimeOut                   0x080065e4   Section        0  tasks.o(i.xTaskCheckForTimeOut)
    i.xTaskCreate                            0x08006670   Section        0  tasks.o(i.xTaskCreate)
    i.xTaskGetSchedulerState                 0x080066d0   Section        0  tasks.o(i.xTaskGetSchedulerState)
    i.xTaskGetTickCount                      0x080066f0   Section        0  tasks.o(i.xTaskGetTickCount)
    i.xTaskGetTickCountFromISR               0x080066fc   Section        0  tasks.o(i.xTaskGetTickCountFromISR)
    i.xTaskIncrementTick                     0x08006710   Section        0  tasks.o(i.xTaskIncrementTick)
    i.xTaskPriorityDisinherit                0x08006858   Section        0  tasks.o(i.xTaskPriorityDisinherit)
    i.xTaskRemoveFromEventList               0x08006920   Section        0  tasks.o(i.xTaskRemoveFromEventList)
    i.xTaskResumeAll                         0x080069b8   Section        0  tasks.o(i.xTaskResumeAll)
    .constdata                               0x08006abc   Section       40  main.o(.constdata)
    .constdata                               0x08006ae4   Section       28  sd_diskio.o(.constdata)
    .constdata                               0x08006b00   Section        8  stm32f4xx_hal_dma.o(.constdata)
    flagBitshiftOffset                       0x08006b00   Data           8  stm32f4xx_hal_dma.o(.constdata)
    .constdata                               0x08006b08   Section       24  system_stm32f4xx.o(.constdata)
    .constdata                               0x08006b20   Section      156  ff.o(.constdata)
    ExCvt                                    0x08006b20   Data         128  ff.o(.constdata)
    cst                                      0x08006ba0   Data          14  ff.o(.constdata)
    cst32                                    0x08006bae   Data          14  ff.o(.constdata)
    .conststring                             0x08006bbc   Section       22  main.o(.conststring)
    .data                                    0x20000000   Section       84  main.o(.data)
    .data                                    0x20000054   Section        8  sd_diskio.o(.data)
    Stat                                     0x20000054   Data           1  sd_diskio.o(.data)
    SDQueueID                                0x20000058   Data           4  sd_diskio.o(.data)
    .data                                    0x2000005c   Section        5  fatfs.o(.data)
    .data                                    0x20000064   Section        9  stm32f4xx_hal.o(.data)
    .data                                    0x20000070   Section        4  system_stm32f4xx.o(.data)
    .data                                    0x20000074   Section        6  ff.o(.data)
    FatFs                                    0x20000074   Data           4  ff.o(.data)
    Fsid                                     0x20000078   Data           2  ff.o(.data)
    .data                                    0x2000007c   Section       60  tasks.o(.data)
    pxDelayedTaskList                        0x20000080   Data           4  tasks.o(.data)
    pxOverflowDelayedTaskList                0x20000084   Data           4  tasks.o(.data)
    uxDeletedTasksWaitingCleanUp             0x20000088   Data           4  tasks.o(.data)
    uxCurrentNumberOfTasks                   0x2000008c   Data           4  tasks.o(.data)
    xTickCount                               0x20000090   Data           4  tasks.o(.data)
    uxTopReadyPriority                       0x20000094   Data           4  tasks.o(.data)
    xSchedulerRunning                        0x20000098   Data           4  tasks.o(.data)
    uxPendedTicks                            0x2000009c   Data           4  tasks.o(.data)
    xYieldPending                            0x200000a0   Data           4  tasks.o(.data)
    xNumOfOverflows                          0x200000a4   Data           4  tasks.o(.data)
    uxTaskNumber                             0x200000a8   Data           4  tasks.o(.data)
    xNextTaskUnblockTime                     0x200000ac   Data           4  tasks.o(.data)
    xIdleTaskHandle                          0x200000b0   Data           4  tasks.o(.data)
    uxSchedulerSuspended                     0x200000b4   Data           4  tasks.o(.data)
    .data                                    0x200000b8   Section       24  heap_4.o(.data)
    xStart                                   0x200000b8   Data           8  heap_4.o(.data)
    pxEnd                                    0x200000c0   Data           4  heap_4.o(.data)
    xFreeBytesRemaining                      0x200000c4   Data           4  heap_4.o(.data)
    xMinimumEverFreeBytesRemaining           0x200000c8   Data           4  heap_4.o(.data)
    xBlockAllocatedBit                       0x200000cc   Data           4  heap_4.o(.data)
    .data                                    0x200000d0   Section       12  port.o(.data)
    uxCriticalNesting                        0x200000d0   Data           4  port.o(.data)
    ucMaxSysCallPriority                     0x200000d4   Data           1  port.o(.data)
    ulMaxPRIGROUPValue                       0x200000d8   Data           4  port.o(.data)
    .bss                                     0x200000dc   Section     8640  main.o(.bss)
    .bss                                     0x2000229c   Section       60  stm32f4xx_hal_timebase_tim.o(.bss)
    .bss                                     0x200022d8   Section       32  ff.o(.bss)
    Files                                    0x200022d8   Data          32  ff.o(.bss)
    .bss                                     0x200022f8   Section       12  ff_gen_drv.o(.bss)
    .bss                                     0x20002304   Section       64  queue.o(.bss)
    .bss                                     0x20002344   Section      240  tasks.o(.bss)
    pxReadyTasksLists                        0x20002344   Data         140  tasks.o(.bss)
    xDelayedTaskList1                        0x200023d0   Data          20  tasks.o(.bss)
    xDelayedTaskList2                        0x200023e4   Data          20  tasks.o(.bss)
    xPendingReadyList                        0x200023f8   Data          20  tasks.o(.bss)
    xTasksWaitingTermination                 0x2000240c   Data          20  tasks.o(.bss)
    xSuspendedTaskList                       0x20002420   Data          20  tasks.o(.bss)
    .bss                                     0x20002434   Section    15360  heap_4.o(.bss)
    ucHeap                                   0x20002434   Data       15360  heap_4.o(.bss)
    STACK                                    0x20006038   Section    16384  startup_stm32f407xx.o(STACK)

    Global Symbols

    Symbol Name                              Value     Ov Type        Size  Object(Section)

    BuildAttributes$$THM_ISAv4$E$P$D$K$B$S$7EM$VFPi3$EXTD16$VFPS$VFMA$PE$A:L22UL41UL21$X:L11$S22US41US21$IEEE1$IW$USESV6$~STKCKD$USESV7$~SHL$OSPACE$EBA8$MICROLIB$REQ8$PRES8$EABIv2 0x00000000   Number         0  anon$$obj.o ABSOLUTE
    __ARM_use_no_argv                        0x00000000   Number         0  main.o ABSOLUTE
    __cpp_initialize__aeabi_                  - Undefined Weak Reference
    __cxa_finalize                            - Undefined Weak Reference
    __decompress                              - Undefined Weak Reference
    _clock_init                               - Undefined Weak Reference
    _microlib_exit                            - Undefined Weak Reference
    __Vectors_Size                           0x00000188   Number         0  startup_stm32f407xx.o ABSOLUTE
    __Vectors                                0x08000000   Data           4  startup_stm32f407xx.o(RESET)
    __Vectors_End                            0x08000188   Data           0  startup_stm32f407xx.o(RESET)
    __main                                   0x08000189   Thumb Code     0  entry.o(.ARM.Collect$$$$00000000)
    _main_stk                                0x08000189   Thumb Code     0  entry2.o(.ARM.Collect$$$$00000001)
    _main_scatterload                        0x0800018d   Thumb Code     0  entry5.o(.ARM.Collect$$$$00000004)
    __main_after_scatterload                 0x08000191   Thumb Code     0  entry5.o(.ARM.Collect$$$$00000004)
    _main_clock                              0x08000191   Thumb Code     0  entry7b.o(.ARM.Collect$$$$00000008)
    _main_cpp_init                           0x08000191   Thumb Code     0  entry8b.o(.ARM.Collect$$$$0000000A)
    _main_init                               0x08000191   Thumb Code     0  entry9a.o(.ARM.Collect$$$$0000000B)
    __rt_final_cpp                           0x08000199   Thumb Code     0  entry10a.o(.ARM.Collect$$$$0000000D)
    __rt_final_exit                          0x08000199   Thumb Code     0  entry11a.o(.ARM.Collect$$$$0000000F)
    SVC_Handler                              0x0800019d   Thumb Code    28  port.o(.emb_text)
    __asm___6_port_c_39a90d8d__prvStartFirstTask 0x080001bd   Thumb Code    28  port.o(.emb_text)
    __asm___6_port_c_39a90d8d__prvEnableVFP  0x080001dd   Thumb Code    16  port.o(.emb_text)
    PendSV_Handler                           0x080001f1   Thumb Code    92  port.o(.emb_text)
    vPortGetIPSR                             0x08000251   Thumb Code     6  port.o(.emb_text)
    Reset_Handler                            0x08000259   Thumb Code     8  startup_stm32f407xx.o(.text)
    ADC_IRQHandler                           0x08000273   Thumb Code     0  startup_stm32f407xx.o(.text)
    CAN1_RX0_IRQHandler                      0x08000273   Thumb Code     0  startup_stm32f407xx.o(.text)
    CAN1_RX1_IRQHandler                      0x08000273   Thumb Code     0  startup_stm32f407xx.o(.text)
    CAN1_SCE_IRQHandler                      0x08000273   Thumb Code     0  startup_stm32f407xx.o(.text)
    CAN1_TX_IRQHandler                       0x08000273   Thumb Code     0  startup_stm32f407xx.o(.text)
    CAN2_RX0_IRQHandler                      0x08000273   Thumb Code     0  startup_stm32f407xx.o(.text)
    CAN2_RX1_IRQHandler                      0x08000273   Thumb Code     0  startup_stm32f407xx.o(.text)
    CAN2_SCE_IRQHandler                      0x08000273   Thumb Code     0  startup_stm32f407xx.o(.text)
    CAN2_TX_IRQHandler                       0x08000273   Thumb Code     0  startup_stm32f407xx.o(.text)
    DCMI_IRQHandler                          0x08000273   Thumb Code     0  startup_stm32f407xx.o(.text)
    DMA1_Stream0_IRQHandler                  0x08000273   Thumb Code     0  startup_stm32f407xx.o(.text)
    DMA1_Stream1_IRQHandler                  0x08000273   Thumb Code     0  startup_stm32f407xx.o(.text)
    DMA1_Stream2_IRQHandler                  0x08000273   Thumb Code     0  startup_stm32f407xx.o(.text)
    DMA1_Stream3_IRQHandler                  0x08000273   Thumb Code     0  startup_stm32f407xx.o(.text)
    DMA1_Stream4_IRQHandler                  0x08000273   Thumb Code     0  startup_stm32f407xx.o(.text)
    DMA1_Stream5_IRQHandler                  0x08000273   Thumb Code     0  startup_stm32f407xx.o(.text)
    DMA1_Stream6_IRQHandler                  0x08000273   Thumb Code     0  startup_stm32f407xx.o(.text)
    DMA1_Stream7_IRQHandler                  0x08000273   Thumb Code     0  startup_stm32f407xx.o(.text)
    DMA2_Stream0_IRQHandler                  0x08000273   Thumb Code     0  startup_stm32f407xx.o(.text)
    DMA2_Stream1_IRQHandler                  0x08000273   Thumb Code     0  startup_stm32f407xx.o(.text)
    DMA2_Stream2_IRQHandler                  0x08000273   Thumb Code     0  startup_stm32f407xx.o(.text)
    DMA2_Stream4_IRQHandler                  0x08000273   Thumb Code     0  startup_stm32f407xx.o(.text)
    DMA2_Stream5_IRQHandler                  0x08000273   Thumb Code     0  startup_stm32f407xx.o(.text)
    DMA2_Stream7_IRQHandler                  0x08000273   Thumb Code     0  startup_stm32f407xx.o(.text)
    ETH_IRQHandler                           0x08000273   Thumb Code     0  startup_stm32f407xx.o(.text)
    ETH_WKUP_IRQHandler                      0x08000273   Thumb Code     0  startup_stm32f407xx.o(.text)
    EXTI0_IRQHandler                         0x08000273   Thumb Code     0  startup_stm32f407xx.o(.text)
    EXTI15_10_IRQHandler                     0x08000273   Thumb Code     0  startup_stm32f407xx.o(.text)
    EXTI1_IRQHandler                         0x08000273   Thumb Code     0  startup_stm32f407xx.o(.text)
    EXTI2_IRQHandler                         0x08000273   Thumb Code     0  startup_stm32f407xx.o(.text)
    EXTI3_IRQHandler                         0x08000273   Thumb Code     0  startup_stm32f407xx.o(.text)
    EXTI4_IRQHandler                         0x08000273   Thumb Code     0  startup_stm32f407xx.o(.text)
    EXTI9_5_IRQHandler                       0x08000273   Thumb Code     0  startup_stm32f407xx.o(.text)
    FLASH_IRQHandler                         0x08000273   Thumb Code     0  startup_stm32f407xx.o(.text)
    FMC_IRQHandler                           0x08000273   Thumb Code     0  startup_stm32f407xx.o(.text)
    FPU_IRQHandler                           0x08000273   Thumb Code     0  startup_stm32f407xx.o(.text)
    HASH_RNG_IRQHandler                      0x08000273   Thumb Code     0  startup_stm32f407xx.o(.text)
    I2C1_ER_IRQHandler                       0x08000273   Thumb Code     0  startup_stm32f407xx.o(.text)
    I2C1_EV_IRQHandler                       0x08000273   Thumb Code     0  startup_stm32f407xx.o(.text)
    I2C2_ER_IRQHandler                       0x08000273   Thumb Code     0  startup_stm32f407xx.o(.text)
    I2C2_EV_IRQHandler                       0x08000273   Thumb Code     0  startup_stm32f407xx.o(.text)
    I2C3_ER_IRQHandler                       0x08000273   Thumb Code     0  startup_stm32f407xx.o(.text)
    I2C3_EV_IRQHandler                       0x08000273   Thumb Code     0  startup_stm32f407xx.o(.text)
    OTG_FS_IRQHandler                        0x08000273   Thumb Code     0  startup_stm32f407xx.o(.text)
    OTG_FS_WKUP_IRQHandler                   0x08000273   Thumb Code     0  startup_stm32f407xx.o(.text)
    OTG_HS_EP1_IN_IRQHandler                 0x08000273   Thumb Code     0  startup_stm32f407xx.o(.text)
    OTG_HS_EP1_OUT_IRQHandler                0x08000273   Thumb Code     0  startup_stm32f407xx.o(.text)
    OTG_HS_IRQHandler                        0x08000273   Thumb Code     0  startup_stm32f407xx.o(.text)
    OTG_HS_WKUP_IRQHandler                   0x08000273   Thumb Code     0  startup_stm32f407xx.o(.text)
    PVD_IRQHandler                           0x08000273   Thumb Code     0  startup_stm32f407xx.o(.text)
    RCC_IRQHandler                           0x08000273   Thumb Code     0  startup_stm32f407xx.o(.text)
    RTC_Alarm_IRQHandler                     0x08000273   Thumb Code     0  startup_stm32f407xx.o(.text)
    RTC_WKUP_IRQHandler                      0x08000273   Thumb Code     0  startup_stm32f407xx.o(.text)
    SPI1_IRQHandler                          0x08000273   Thumb Code     0  startup_stm32f407xx.o(.text)
    SPI2_IRQHandler                          0x08000273   Thumb Code     0  startup_stm32f407xx.o(.text)
    SPI3_IRQHandler                          0x08000273   Thumb Code     0  startup_stm32f407xx.o(.text)
    TAMP_STAMP_IRQHandler                    0x08000273   Thumb Code     0  startup_stm32f407xx.o(.text)
    TIM1_BRK_TIM9_IRQHandler                 0x08000273   Thumb Code     0  startup_stm32f407xx.o(.text)
    TIM1_CC_IRQHandler                       0x08000273   Thumb Code     0  startup_stm32f407xx.o(.text)
    TIM1_TRG_COM_TIM11_IRQHandler            0x08000273   Thumb Code     0  startup_stm32f407xx.o(.text)
    TIM1_UP_TIM10_IRQHandler                 0x08000273   Thumb Code     0  startup_stm32f407xx.o(.text)
    TIM2_IRQHandler                          0x08000273   Thumb Code     0  startup_stm32f407xx.o(.text)
    TIM4_IRQHandler                          0x08000273   Thumb Code     0  startup_stm32f407xx.o(.text)
    TIM5_IRQHandler                          0x08000273   Thumb Code     0  startup_stm32f407xx.o(.text)
    TIM6_DAC_IRQHandler                      0x08000273   Thumb Code     0  startup_stm32f407xx.o(.text)
    TIM7_IRQHandler                          0x08000273   Thumb Code     0  startup_stm32f407xx.o(.text)
    TIM8_BRK_TIM12_IRQHandler                0x08000273   Thumb Code     0  startup_stm32f407xx.o(.text)
    TIM8_CC_IRQHandler                       0x08000273   Thumb Code     0  startup_stm32f407xx.o(.text)
    TIM8_TRG_COM_TIM14_IRQHandler            0x08000273   Thumb Code     0  startup_stm32f407xx.o(.text)
    TIM8_UP_TIM13_IRQHandler                 0x08000273   Thumb Code     0  startup_stm32f407xx.o(.text)
    UART4_IRQHandler                         0x08000273   Thumb Code     0  startup_stm32f407xx.o(.text)
    UART5_IRQHandler                         0x08000273   Thumb Code     0  startup_stm32f407xx.o(.text)
    USART1_IRQHandler                        0x08000273   Thumb Code     0  startup_stm32f407xx.o(.text)
    USART2_IRQHandler                        0x08000273   Thumb Code     0  startup_stm32f407xx.o(.text)
    USART3_IRQHandler                        0x08000273   Thumb Code     0  startup_stm32f407xx.o(.text)
    USART6_IRQHandler                        0x08000273   Thumb Code     0  startup_stm32f407xx.o(.text)
    WWDG_IRQHandler                          0x08000273   Thumb Code     0  startup_stm32f407xx.o(.text)
    __aeabi_uldivmod                         0x0800027d   Thumb Code    98  uldiv.o(.text)
    __aeabi_memcpy                           0x080002df   Thumb Code    36  memcpya.o(.text)
    __aeabi_memcpy4                          0x080002df   Thumb Code     0  memcpya.o(.text)
    __aeabi_memcpy8                          0x080002df   Thumb Code     0  memcpya.o(.text)
    __aeabi_memset                           0x08000303   Thumb Code    14  memseta.o(.text)
    __aeabi_memset4                          0x08000303   Thumb Code     0  memseta.o(.text)
    __aeabi_memset8                          0x08000303   Thumb Code     0  memseta.o(.text)
    __aeabi_memclr                           0x08000311   Thumb Code     4  memseta.o(.text)
    __aeabi_memclr4                          0x08000311   Thumb Code     0  memseta.o(.text)
    __aeabi_memclr8                          0x08000311   Thumb Code     0  memseta.o(.text)
    _memset$wrapper                          0x08000315   Thumb Code    18  memseta.o(.text)
    __aeabi_llsl                             0x08000327   Thumb Code    30  llshl.o(.text)
    _ll_shift_l                              0x08000327   Thumb Code     0  llshl.o(.text)
    __aeabi_llsr                             0x08000345   Thumb Code    32  llushr.o(.text)
    _ll_ushift_r                             0x08000345   Thumb Code     0  llushr.o(.text)
    __scatterload                            0x08000365   Thumb Code    28  init.o(.text)
    __scatterload_rt2                        0x08000365   Thumb Code     0  init.o(.text)
    BSP_SD_AbortCallback                     0x08000389   Thumb Code     2  bsp_driver_sd.o(i.BSP_SD_AbortCallback)
    BSP_SD_GetCardInfo                       0x0800038d   Thumb Code    14  bsp_driver_sd.o(i.BSP_SD_GetCardInfo)
    BSP_SD_GetCardState                      0x080003a1   Thumb Code    20  bsp_driver_sd.o(i.BSP_SD_GetCardState)
    BSP_SD_Init                              0x080003b9   Thumb Code    44  bsp_driver_sd.o(i.BSP_SD_Init)
    BSP_SD_IsDetected                        0x080003e9   Thumb Code    12  bsp_driver_sd.o(i.BSP_SD_IsDetected)
    BSP_SD_ReadBlocks_DMA                    0x080003f5   Thumb Code    34  bsp_driver_sd.o(i.BSP_SD_ReadBlocks_DMA)
    BSP_SD_ReadCpltCallback                  0x0800041d   Thumb Code    18  sd_diskio.o(i.BSP_SD_ReadCpltCallback)
    BSP_SD_WriteBlocks_DMA                   0x08000435   Thumb Code    34  bsp_driver_sd.o(i.BSP_SD_WriteBlocks_DMA)
    BSP_SD_WriteCpltCallback                 0x0800045d   Thumb Code    18  sd_diskio.o(i.BSP_SD_WriteCpltCallback)
    BusFault_Handler                         0x08000475   Thumb Code     4  stm32f4xx_it.o(i.BusFault_Handler)
    DMA2_Stream3_IRQHandler                  0x08000479   Thumb Code    10  stm32f4xx_it.o(i.DMA2_Stream3_IRQHandler)
    DMA2_Stream6_IRQHandler                  0x08000489   Thumb Code    10  stm32f4xx_it.o(i.DMA2_Stream6_IRQHandler)
    DebugMon_Handler                         0x080005a3   Thumb Code     2  stm32f4xx_it.o(i.DebugMon_Handler)
    Error_Handler                            0x080005a5   Thumb Code     2  main.o(i.Error_Handler)
    FATFS_LinkDriver                         0x080005a7   Thumb Code    18  ff_gen_drv.o(i.FATFS_LinkDriver)
    FATFS_LinkDriverEx                       0x080005b9   Thumb Code    78  ff_gen_drv.o(i.FATFS_LinkDriverEx)
    HAL_DMA_Abort_IT                         0x0800060d   Thumb Code    40  stm32f4xx_hal_dma.o(i.HAL_DMA_Abort_IT)
    HAL_DMA_IRQHandler                       0x08000635   Thumb Code   570  stm32f4xx_hal_dma.o(i.HAL_DMA_IRQHandler)
    HAL_DMA_Init                             0x08000875   Thumb Code   232  stm32f4xx_hal_dma.o(i.HAL_DMA_Init)
    HAL_DMA_Start_IT                         0x08000961   Thumb Code   158  stm32f4xx_hal_dma.o(i.HAL_DMA_Start_IT)
    HAL_Delay                                0x08000a01   Thumb Code    36  stm32f4xx_hal.o(i.HAL_Delay)
    HAL_GPIO_Init                            0x08000a29   Thumb Code   466  stm32f4xx_hal_gpio.o(i.HAL_GPIO_Init)
    HAL_GPIO_TogglePin                       0x08000c29   Thumb Code     8  stm32f4xx_hal_gpio.o(i.HAL_GPIO_TogglePin)
    HAL_GPIO_WritePin                        0x08000c31   Thumb Code    12  stm32f4xx_hal_gpio.o(i.HAL_GPIO_WritePin)
    HAL_GetTick                              0x08000c3d   Thumb Code     6  stm32f4xx_hal.o(i.HAL_GetTick)
    HAL_IncTick                              0x08000c49   Thumb Code    16  stm32f4xx_hal.o(i.HAL_IncTick)
    HAL_Init                                 0x08000c61   Thumb Code    54  stm32f4xx_hal.o(i.HAL_Init)
    HAL_InitTick                             0x08000c9d   Thumb Code   122  stm32f4xx_hal_timebase_tim.o(i.HAL_InitTick)
    HAL_MspInit                              0x08000d29   Thumb Code    78  stm32f4xx_hal_msp.o(i.HAL_MspInit)
    HAL_NVIC_EnableIRQ                       0x08000d7d   Thumb Code    26  stm32f4xx_hal_cortex.o(i.HAL_NVIC_EnableIRQ)
    HAL_NVIC_SetPriority                     0x08000d97   Thumb Code   124  stm32f4xx_hal_cortex.o(i.HAL_NVIC_SetPriority)
    HAL_NVIC_SetPriorityGrouping             0x08000e15   Thumb Code    32  stm32f4xx_hal_cortex.o(i.HAL_NVIC_SetPriorityGrouping)
    HAL_RCC_ClockConfig                      0x08000e3d   Thumb Code   366  stm32f4xx_hal_rcc.o(i.HAL_RCC_ClockConfig)
    HAL_RCC_GetClockConfig                   0x08000fbd   Thumb Code    58  stm32f4xx_hal_rcc.o(i.HAL_RCC_GetClockConfig)
    HAL_RCC_GetHCLKFreq                      0x08001001   Thumb Code     6  stm32f4xx_hal_rcc.o(i.HAL_RCC_GetHCLKFreq)
    HAL_RCC_GetPCLK1Freq                     0x0800100d   Thumb Code    22  stm32f4xx_hal_rcc.o(i.HAL_RCC_GetPCLK1Freq)
    HAL_RCC_GetSysClockFreq                  0x0800102d   Thumb Code   162  stm32f4xx_hal_rcc.o(i.HAL_RCC_GetSysClockFreq)
    HAL_RCC_OscConfig                        0x080010dd   Thumb Code  1086  stm32f4xx_hal_rcc.o(i.HAL_RCC_OscConfig)
    HAL_SD_AbortCallback                     0x08001525   Thumb Code    10  bsp_driver_sd.o(i.HAL_SD_AbortCallback)
    HAL_SD_ConfigWideBusOperation            0x0800152f   Thumb Code   168  stm32f4xx_hal_sd.o(i.HAL_SD_ConfigWideBusOperation)
    HAL_SD_ErrorCallback                     0x080015d7   Thumb Code     2  stm32f4xx_hal_sd.o(i.HAL_SD_ErrorCallback)
    HAL_SD_GetCardCSD                        0x080015d9   Thumb Code   496  stm32f4xx_hal_sd.o(i.HAL_SD_GetCardCSD)
    HAL_SD_GetCardInfo                       0x080017c9   Thumb Code    38  stm32f4xx_hal_sd.o(i.HAL_SD_GetCardInfo)
    HAL_SD_GetCardState                      0x080017ef   Thumb Code    40  stm32f4xx_hal_sd.o(i.HAL_SD_GetCardState)
    HAL_SD_IRQHandler                        0x08001819   Thumb Code   504  stm32f4xx_hal_sd.o(i.HAL_SD_IRQHandler)
    HAL_SD_Init                              0x08001a19   Thumb Code    54  stm32f4xx_hal_sd.o(i.HAL_SD_Init)
    HAL_SD_InitCard                          0x08001a51   Thumb Code   128  stm32f4xx_hal_sd.o(i.HAL_SD_InitCard)
    HAL_SD_MspInit                           0x08001ad5   Thumb Code   366  stm32f4xx_hal_msp.o(i.HAL_SD_MspInit)
    HAL_SD_ReadBlocks_DMA                    0x08001c61   Thumb Code   282  stm32f4xx_hal_sd.o(i.HAL_SD_ReadBlocks_DMA)
    HAL_SD_RxCpltCallback                    0x08001d89   Thumb Code    10  bsp_driver_sd.o(i.HAL_SD_RxCpltCallback)
    HAL_SD_TxCpltCallback                    0x08001d93   Thumb Code    10  bsp_driver_sd.o(i.HAL_SD_TxCpltCallback)
    HAL_SD_WriteBlocks_DMA                   0x08001d9d   Thumb Code   280  stm32f4xx_hal_sd.o(i.HAL_SD_WriteBlocks_DMA)
    HAL_TIMEx_BreakCallback                  0x08001ec1   Thumb Code     2  stm32f4xx_hal_tim_ex.o(i.HAL_TIMEx_BreakCallback)
    HAL_TIMEx_CommutationCallback            0x08001ec3   Thumb Code     2  stm32f4xx_hal_tim_ex.o(i.HAL_TIMEx_CommutationCallback)
    HAL_TIM_Base_Init                        0x08001ec5   Thumb Code    52  stm32f4xx_hal_tim.o(i.HAL_TIM_Base_Init)
    HAL_TIM_Base_MspInit                     0x08001ef9   Thumb Code     2  stm32f4xx_hal_tim.o(i.HAL_TIM_Base_MspInit)
    HAL_TIM_Base_Start_IT                    0x08001efb   Thumb Code    30  stm32f4xx_hal_tim.o(i.HAL_TIM_Base_Start_IT)
    HAL_TIM_IC_CaptureCallback               0x08001f19   Thumb Code     2  stm32f4xx_hal_tim.o(i.HAL_TIM_IC_CaptureCallback)
    HAL_TIM_IRQHandler                       0x08001f1b   Thumb Code   406  stm32f4xx_hal_tim.o(i.HAL_TIM_IRQHandler)
    HAL_TIM_OC_DelayElapsedCallback          0x080020b1   Thumb Code     2  stm32f4xx_hal_tim.o(i.HAL_TIM_OC_DelayElapsedCallback)
    HAL_TIM_PWM_PulseFinishedCallback        0x080020b3   Thumb Code     2  stm32f4xx_hal_tim.o(i.HAL_TIM_PWM_PulseFinishedCallback)
    HAL_TIM_PeriodElapsedCallback            0x080020b5   Thumb Code    18  main.o(i.HAL_TIM_PeriodElapsedCallback)
    HAL_TIM_TriggerCallback                  0x080020cd   Thumb Code     2  stm32f4xx_hal_tim.o(i.HAL_TIM_TriggerCallback)
    HardFault_Handler                        0x080020cf   Thumb Code     4  stm32f4xx_it.o(i.HardFault_Handler)
    MX_FATFS_Init                            0x0800211d   Thumb Code    16  fatfs.o(i.MX_FATFS_Init)
    MemManage_Handler                        0x080021d9   Thumb Code     4  stm32f4xx_it.o(i.MemManage_Handler)
    NMI_Handler                              0x080021dd   Thumb Code     2  stm32f4xx_it.o(i.NMI_Handler)
    SDIO_ConfigData                          0x08002219   Thumb Code    44  stm32f4xx_ll_sdmmc.o(i.SDIO_ConfigData)
    SDIO_GetCommandResponse                  0x08002245   Thumb Code     8  stm32f4xx_ll_sdmmc.o(i.SDIO_GetCommandResponse)
    SDIO_GetPowerState                       0x0800224d   Thumb Code    10  stm32f4xx_ll_sdmmc.o(i.SDIO_GetPowerState)
    SDIO_GetResponse                         0x08002257   Thumb Code    22  stm32f4xx_ll_sdmmc.o(i.SDIO_GetResponse)
    SDIO_IRQHandler                          0x0800226d   Thumb Code    10  stm32f4xx_it.o(i.SDIO_IRQHandler)
    SDIO_Init                                0x0800227d   Thumb Code    52  stm32f4xx_ll_sdmmc.o(i.SDIO_Init)
    SDIO_PowerState_ON                       0x080022b1   Thumb Code    10  stm32f4xx_ll_sdmmc.o(i.SDIO_PowerState_ON)
    SDIO_ReadFIFO                            0x080022bb   Thumb Code     8  stm32f4xx_ll_sdmmc.o(i.SDIO_ReadFIFO)
    SDIO_SendCommand                         0x080022c3   Thumb Code    40  stm32f4xx_ll_sdmmc.o(i.SDIO_SendCommand)
    SDIO_WriteFIFO                           0x080022eb   Thumb Code    12  stm32f4xx_ll_sdmmc.o(i.SDIO_WriteFIFO)
    SDMMC_CmdAppCommand                      0x080022f7   Thumb Code    58  stm32f4xx_ll_sdmmc.o(i.SDMMC_CmdAppCommand)
    SDMMC_CmdAppOperCommand                  0x08002331   Thumb Code    56  stm32f4xx_ll_sdmmc.o(i.SDMMC_CmdAppOperCommand)
    SDMMC_CmdBlockLength                     0x0800236d   Thumb Code    58  stm32f4xx_ll_sdmmc.o(i.SDMMC_CmdBlockLength)
    SDMMC_CmdBusWidth                        0x080023a7   Thumb Code    58  stm32f4xx_ll_sdmmc.o(i.SDMMC_CmdBusWidth)
    SDMMC_CmdGoIdleState                     0x080023e1   Thumb Code    46  stm32f4xx_ll_sdmmc.o(i.SDMMC_CmdGoIdleState)
    SDMMC_CmdOperCond                        0x0800240f   Thumb Code    54  stm32f4xx_ll_sdmmc.o(i.SDMMC_CmdOperCond)
    SDMMC_CmdReadMultiBlock                  0x08002445   Thumb Code    58  stm32f4xx_ll_sdmmc.o(i.SDMMC_CmdReadMultiBlock)
    SDMMC_CmdReadSingleBlock                 0x0800247f   Thumb Code    58  stm32f4xx_ll_sdmmc.o(i.SDMMC_CmdReadSingleBlock)
    SDMMC_CmdSelDesel                        0x080024b9   Thumb Code    60  stm32f4xx_ll_sdmmc.o(i.SDMMC_CmdSelDesel)
    SDMMC_CmdSendCID                         0x080024f5   Thumb Code    52  stm32f4xx_ll_sdmmc.o(i.SDMMC_CmdSendCID)
    SDMMC_CmdSendCSD                         0x08002529   Thumb Code    52  stm32f4xx_ll_sdmmc.o(i.SDMMC_CmdSendCSD)
    SDMMC_CmdSendSCR                         0x0800255d   Thumb Code    58  stm32f4xx_ll_sdmmc.o(i.SDMMC_CmdSendSCR)
    SDMMC_CmdSendStatus                      0x08002597   Thumb Code    58  stm32f4xx_ll_sdmmc.o(i.SDMMC_CmdSendStatus)
    SDMMC_CmdSetRelAdd                       0x080025d1   Thumb Code    58  stm32f4xx_ll_sdmmc.o(i.SDMMC_CmdSetRelAdd)
    SDMMC_CmdStopTransfer                    0x0800260d   Thumb Code    56  stm32f4xx_ll_sdmmc.o(i.SDMMC_CmdStopTransfer)
    SDMMC_CmdWriteMultiBlock                 0x08002649   Thumb Code    58  stm32f4xx_ll_sdmmc.o(i.SDMMC_CmdWriteMultiBlock)
    SDMMC_CmdWriteSingleBlock                0x08002683   Thumb Code    58  stm32f4xx_ll_sdmmc.o(i.SDMMC_CmdWriteSingleBlock)
    SD_initialize                            0x08003031   Thumb Code    68  sd_diskio.o(i.SD_initialize)
    SD_ioctl                                 0x08003081   Thumb Code   102  sd_diskio.o(i.SD_ioctl)
    SD_read                                  0x080030ed   Thumb Code   106  sd_diskio.o(i.SD_read)
    SD_status                                0x0800315d   Thumb Code    12  sd_diskio.o(i.SD_status)
    SD_write                                 0x08003169   Thumb Code   106  sd_diskio.o(i.SD_write)
    SysTick_Handler                          0x080031d9   Thumb Code    46  port.o(i.SysTick_Handler)
    SystemClock_Config                       0x0800320d   Thumb Code   174  main.o(i.SystemClock_Config)
    SystemInit                               0x080032c5   Thumb Code    82  system_stm32f4xx.o(i.SystemInit)
    TIM3_IRQHandler                          0x08003329   Thumb Code    10  stm32f4xx_it.o(i.TIM3_IRQHandler)
    TIM_Base_SetConfig                       0x08003339   Thumb Code   184  stm32f4xx_hal_tim.o(i.TIM_Base_SetConfig)
    UsageFault_Handler                       0x0800341d   Thumb Code     4  stm32f4xx_it.o(i.UsageFault_Handler)
    __scatterload_copy                       0x08003421   Thumb Code    14  handlers.o(i.__scatterload_copy)
    __scatterload_null                       0x0800342f   Thumb Code     2  handlers.o(i.__scatterload_null)
    __scatterload_zeroinit                   0x08003431   Thumb Code    14  handlers.o(i.__scatterload_zeroinit)
    disk_initialize                          0x08003a91   Thumb Code    40  diskio.o(i.disk_initialize)
    disk_ioctl                               0x08003abd   Thumb Code    36  diskio.o(i.disk_ioctl)
    disk_read                                0x08003ae5   Thumb Code    42  diskio.o(i.disk_read)
    disk_status                              0x08003b15   Thumb Code    24  diskio.o(i.disk_status)
    disk_write                               0x08003b31   Thumb Code    42  diskio.o(i.disk_write)
    f_close                                  0x08003b89   Thumb Code    52  ff.o(i.f_close)
    f_mount                                  0x08003bbd   Thumb Code   128  ff.o(i.f_mount)
    f_open                                   0x08003c41   Thumb Code   586  ff.o(i.f_open)
    f_sync                                   0x08003e8b   Thumb Code   176  ff.o(i.f_sync)
    f_write                                  0x08003f3b   Thumb Code   632  ff.o(i.f_write)
    ff_cre_syncobj                           0x080041b3   Thumb Code    36  syscall.o(i.ff_cre_syncobj)
    ff_del_syncobj                           0x080041d7   Thumb Code    14  syscall.o(i.ff_del_syncobj)
    ff_rel_grant                             0x080041e5   Thumb Code    12  syscall.o(i.ff_rel_grant)
    ff_req_grant                             0x080041f1   Thumb Code    24  syscall.o(i.ff_req_grant)
    get_fattime                              0x08004741   Thumb Code     4  fatfs.o(i.get_fattime)
    main                                     0x080048b9   Thumb Code    90  main.o(i.main)
    osDelay                                  0x080049b7   Thumb Code    24  cmsis_os.o(i.osDelay)
    osKernelRunning                          0x080049cf   Thumb Code    18  cmsis_os.o(i.osKernelRunning)
    osKernelStart                            0x080049e1   Thumb Code    10  cmsis_os.o(i.osKernelStart)
    osKernelSysTick                          0x080049eb   Thumb Code    20  cmsis_os.o(i.osKernelSysTick)
    osMessageCreate                          0x080049ff   Thumb Code    18  cmsis_os.o(i.osMessageCreate)
    osMessageGet                             0x08004a11   Thumb Code   152  cmsis_os.o(i.osMessageGet)
    osMessagePut                             0x08004aad   Thumb Code    92  cmsis_os.o(i.osMessagePut)
    osMutexCreate                            0x08004b0d   Thumb Code    12  cmsis_os.o(i.osMutexCreate)
    osSemaphoreCreate                        0x08004b19   Thumb Code    44  cmsis_os.o(i.osSemaphoreCreate)
    osSemaphoreDelete                        0x08004b45   Thumb Code    24  cmsis_os.o(i.osSemaphoreDelete)
    osSemaphoreRelease                       0x08004b5d   Thumb Code    76  cmsis_os.o(i.osSemaphoreRelease)
    osSemaphoreWait                          0x08004bad   Thumb Code   104  cmsis_os.o(i.osSemaphoreWait)
    osThreadCreate                           0x08004c19   Thumb Code    48  cmsis_os.o(i.osThreadCreate)
    pvPortMalloc                             0x080053cd   Thumb Code   296  heap_4.o(i.pvPortMalloc)
    pvTaskIncrementMutexHeldCount            0x08005509   Thumb Code    26  tasks.o(i.pvTaskIncrementMutexHeldCount)
    pxPortInitialiseStack                    0x08005529   Thumb Code    38  port.o(i.pxPortInitialiseStack)
    taskT1                                   0x0800571d   Thumb Code    26  main.o(i.taskT1)
    taskT2                                   0x0800573d   Thumb Code   110  main.o(i.taskT2)
    uxListRemove                             0x080057ed   Thumb Code    40  list.o(i.uxListRemove)
    vListInitialise                          0x08005815   Thumb Code    26  list.o(i.vListInitialise)
    vListInitialiseItem                      0x0800582f   Thumb Code     6  list.o(i.vListInitialiseItem)
    vListInsert                              0x08005835   Thumb Code    52  list.o(i.vListInsert)
    vListInsertEnd                           0x08005869   Thumb Code    24  list.o(i.vListInsertEnd)
    vPortEnterCritical                       0x08005881   Thumb Code    76  port.o(i.vPortEnterCritical)
    vPortExitCritical                        0x080058d5   Thumb Code    56  port.o(i.vPortExitCritical)
    vPortFree                                0x08005911   Thumb Code   140  heap_4.o(i.vPortFree)
    vPortSetupTimerInterrupt                 0x080059a5   Thumb Code    26  port.o(i.vPortSetupTimerInterrupt)
    vPortValidateInterruptPriority           0x080059c5   Thumb Code   106  port.o(i.vPortValidateInterruptPriority)
    vQueueDelete                             0x08005a3d   Thumb Code    44  queue.o(i.vQueueDelete)
    vQueueUnregisterQueue                    0x08005a69   Thumb Code    44  queue.o(i.vQueueUnregisterQueue)
    vTaskDelay                               0x08005a99   Thumb Code    82  tasks.o(i.vTaskDelay)
    vTaskMissedYield                         0x08005af5   Thumb Code     8  tasks.o(i.vTaskMissedYield)
    vTaskPlaceOnEventList                    0x08005b01   Thumb Code    52  tasks.o(i.vTaskPlaceOnEventList)
    vTaskPriorityInherit                     0x08005b39   Thumb Code   164  tasks.o(i.vTaskPriorityInherit)
    vTaskSetTimeOutState                     0x08005be9   Thumb Code    38  tasks.o(i.vTaskSetTimeOutState)
    vTaskStartScheduler                      0x08005c19   Thumb Code   108  tasks.o(i.vTaskStartScheduler)
    vTaskSuspendAll                          0x08005ca1   Thumb Code    12  tasks.o(i.vTaskSuspendAll)
    vTaskSwitchContext                       0x08005cb1   Thumb Code   118  tasks.o(i.vTaskSwitchContext)
    xPortStartScheduler                      0x08005d85   Thumb Code   288  port.o(i.xPortStartScheduler)
    xQueueCreateMutex                        0x08005ec1   Thumb Code    34  queue.o(i.xQueueCreateMutex)
    xQueueGenericCreate                      0x08005ee3   Thumb Code    88  queue.o(i.xQueueGenericCreate)
    xQueueGenericReceive                     0x08005f3d   Thumb Code   446  queue.o(i.xQueueGenericReceive)
    xQueueGenericReset                       0x08006101   Thumb Code   146  queue.o(i.xQueueGenericReset)
    xQueueGenericSend                        0x08006199   Thumb Code   420  queue.o(i.xQueueGenericSend)
    xQueueGenericSendFromISR                 0x08006341   Thumb Code   248  queue.o(i.xQueueGenericSendFromISR)
    xQueueGiveFromISR                        0x08006439   Thumb Code   224  queue.o(i.xQueueGiveFromISR)
    xQueueReceiveFromISR                     0x08006519   Thumb Code   202  queue.o(i.xQueueReceiveFromISR)
    xTaskCheckForTimeOut                     0x080065e5   Thumb Code   132  tasks.o(i.xTaskCheckForTimeOut)
    xTaskCreate                              0x08006671   Thumb Code    96  tasks.o(i.xTaskCreate)
    xTaskGetSchedulerState                   0x080066d1   Thumb Code    24  tasks.o(i.xTaskGetSchedulerState)
    xTaskGetTickCount                        0x080066f1   Thumb Code     6  tasks.o(i.xTaskGetTickCount)
    xTaskGetTickCountFromISR                 0x080066fd   Thumb Code    16  tasks.o(i.xTaskGetTickCountFromISR)
    xTaskIncrementTick                       0x08006711   Thumb Code   282  tasks.o(i.xTaskIncrementTick)
    xTaskPriorityDisinherit                  0x08006859   Thumb Code   188  tasks.o(i.xTaskPriorityDisinherit)
    xTaskRemoveFromEventList                 0x08006921   Thumb Code   128  tasks.o(i.xTaskRemoveFromEventList)
    xTaskResumeAll                           0x080069b9   Thumb Code   224  tasks.o(i.xTaskResumeAll)
    SD_Driver                                0x08006ae4   Data          20  sd_diskio.o(.constdata)
    AHBPrescTable                            0x08006b08   Data          16  system_stm32f4xx.o(.constdata)
    APBPrescTable                            0x08006b18   Data           8  system_stm32f4xx.o(.constdata)
    Region$$Table$$Base                      0x08006bd4   Number         0  anon$$obj.o(Region$$Table)
    Region$$Table$$Limit                     0x08006bf4   Number         0  anon$$obj.o(Region$$Table)
    firstTaskHandle                          0x20000000   Data           4  main.o(.data)
    myTask02Handle                           0x20000004   Data           4  main.o(.data)
    myMutex01Handle                          0x20000008   Data           4  main.o(.data)
    fileOnce                                 0x2000000c   Data           1  main.o(.data)
    feror                                    0x2000000d   Data           1  main.o(.data)
    fName                                    0x2000000e   Data          14  main.o(.data)
    alaram                                   0x2000001c   Data          50  main.o(.data)
    fR                                       0x2000004e   Data           1  main.o(.data)
    bytesCnt                                 0x20000050   Data           4  main.o(.data)
    retSD                                    0x2000005c   Data           1  fatfs.o(.data)
    SDPath                                   0x2000005d   Data           4  fatfs.o(.data)
    uwTick                                   0x20000064   Data           4  stm32f4xx_hal.o(.data)
    uwTickPrio                               0x20000068   Data           4  stm32f4xx_hal.o(.data)
    uwTickFreq                               0x2000006c   Data           1  stm32f4xx_hal.o(.data)
    SystemCoreClock                          0x20000070   Data           4  system_stm32f4xx.o(.data)
    pxCurrentTCB                             0x2000007c   Data           4  tasks.o(.data)
    hsd                                      0x200000dc   Data         132  main.o(.bss)
    hdma_sdio_tx                             0x20000160   Data          96  main.o(.bss)
    hdma_sdio_rx                             0x200001c0   Data          96  main.o(.bss)
    myfile                                   0x20000220   Data        4152  main.o(.bss)
    file                                     0x20001258   Data        4144  main.o(.bss)
    string                                   0x20002288   Data          20  main.o(.bss)
    htim3                                    0x2000229c   Data          60  stm32f4xx_hal_timebase_tim.o(.bss)
    disk                                     0x200022f8   Data          12  ff_gen_drv.o(.bss)
    xQueueRegistry                           0x20002304   Data          64  queue.o(.bss)
    __initial_sp                             0x2000a038   Data           0  startup_stm32f407xx.o(STACK)



==============================================================================

Memory Map of the image

  Image Entry point : 0x08000189

  Load Region LR_IROM1 (Base: 0x08000000, Size: 0x00006cd0, Max: 0x00100000, ABSOLUTE)

    Execution Region ER_IROM1 (Exec base: 0x08000000, Load base: 0x08000000, Size: 0x00006bf4, Max: 0x00100000, ABSOLUTE)

    Exec Addr    Load Addr    Size         Type   Attr      Idx    E Section Name        Object

    0x08000000   0x08000000   0x00000188   Data   RO            3    RESET               startup_stm32f407xx.o
    0x08000188   0x08000188   0x00000000   Code   RO         4876  * .ARM.Collect$$$$00000000  mc_w.l(entry.o)
    0x08000188   0x08000188   0x00000004   Code   RO         4887    .ARM.Collect$$$$00000001  mc_w.l(entry2.o)
    0x0800018c   0x0800018c   0x00000004   Code   RO         4890    .ARM.Collect$$$$00000004  mc_w.l(entry5.o)
    0x08000190   0x08000190   0x00000000   Code   RO         4892    .ARM.Collect$$$$00000008  mc_w.l(entry7b.o)
    0x08000190   0x08000190   0x00000000   Code   RO         4894    .ARM.Collect$$$$0000000A  mc_w.l(entry8b.o)
    0x08000190   0x08000190   0x00000008   Code   RO         4895    .ARM.Collect$$$$0000000B  mc_w.l(entry9a.o)
    0x08000198   0x08000198   0x00000000   Code   RO         4897    .ARM.Collect$$$$0000000D  mc_w.l(entry10a.o)
    0x08000198   0x08000198   0x00000000   Code   RO         4899    .ARM.Collect$$$$0000000F  mc_w.l(entry11a.o)
    0x08000198   0x08000198   0x00000004   Code   RO         4888    .ARM.Collect$$$$00002712  mc_w.l(entry2.o)
    0x0800019c   0x0800019c   0x000000ba   Code   RO         4799    .emb_text           port.o
    0x08000256   0x08000256   0x00000002   PAD
    0x08000258   0x08000258   0x00000024   Code   RO            4    .text               startup_stm32f407xx.o
    0x0800027c   0x0800027c   0x00000062   Code   RO         4879    .text               mc_w.l(uldiv.o)
    0x080002de   0x080002de   0x00000024   Code   RO         4881    .text               mc_w.l(memcpya.o)
    0x08000302   0x08000302   0x00000024   Code   RO         4883    .text               mc_w.l(memseta.o)
    0x08000326   0x08000326   0x0000001e   Code   RO         4901    .text               mc_w.l(llshl.o)
    0x08000344   0x08000344   0x00000020   Code   RO         4903    .text               mc_w.l(llushr.o)
    0x08000364   0x08000364   0x00000024   Code   RO         4905    .text               mc_w.l(init.o)
    0x08000388   0x08000388   0x00000002   Code   RO          259    i.BSP_SD_AbortCallback  bsp_driver_sd.o
    0x0800038a   0x0800038a   0x00000002   PAD
    0x0800038c   0x0800038c   0x00000014   Code   RO          265    i.BSP_SD_GetCardInfo  bsp_driver_sd.o
    0x080003a0   0x080003a0   0x00000018   Code   RO          266    i.BSP_SD_GetCardState  bsp_driver_sd.o
    0x080003b8   0x080003b8   0x00000030   Code   RO          269    i.BSP_SD_Init       bsp_driver_sd.o
    0x080003e8   0x080003e8   0x0000000c   Code   RO          270    i.BSP_SD_IsDetected  bsp_driver_sd.o
    0x080003f4   0x080003f4   0x00000028   Code   RO          272    i.BSP_SD_ReadBlocks_DMA  bsp_driver_sd.o
    0x0800041c   0x0800041c   0x00000018   Code   RO          404    i.BSP_SD_ReadCpltCallback  sd_diskio.o
    0x08000434   0x08000434   0x00000028   Code   RO          275    i.BSP_SD_WriteBlocks_DMA  bsp_driver_sd.o
    0x0800045c   0x0800045c   0x00000018   Code   RO          405    i.BSP_SD_WriteCpltCallback  sd_diskio.o
    0x08000474   0x08000474   0x00000004   Code   RO          555    i.BusFault_Handler  stm32f4xx_it.o
    0x08000478   0x08000478   0x00000010   Code   RO          556    i.DMA2_Stream3_IRQHandler  stm32f4xx_it.o
    0x08000488   0x08000488   0x00000010   Code   RO          557    i.DMA2_Stream6_IRQHandler  stm32f4xx_it.o
    0x08000498   0x08000498   0x00000034   Code   RO         2628    i.DMA_CalcBaseAndBitshift  stm32f4xx_hal_dma.o
    0x080004cc   0x080004cc   0x000000aa   Code   RO         2629    i.DMA_CheckFifoParam  stm32f4xx_hal_dma.o
    0x08000576   0x08000576   0x0000002c   Code   RO         2630    i.DMA_SetConfig     stm32f4xx_hal_dma.o
    0x080005a2   0x080005a2   0x00000002   Code   RO          558    i.DebugMon_Handler  stm32f4xx_it.o
    0x080005a4   0x080005a4   0x00000002   Code   RO           13    i.Error_Handler     main.o
    0x080005a6   0x080005a6   0x00000012   Code   RO         3685    i.FATFS_LinkDriver  ff_gen_drv.o
    0x080005b8   0x080005b8   0x00000054   Code   RO         3686    i.FATFS_LinkDriverEx  ff_gen_drv.o
    0x0800060c   0x0800060c   0x00000028   Code   RO         2632    i.HAL_DMA_Abort_IT  stm32f4xx_hal_dma.o
    0x08000634   0x08000634   0x00000240   Code   RO         2636    i.HAL_DMA_IRQHandler  stm32f4xx_hal_dma.o
    0x08000874   0x08000874   0x000000ec   Code   RO         2637    i.HAL_DMA_Init      stm32f4xx_hal_dma.o
    0x08000960   0x08000960   0x0000009e   Code   RO         2641    i.HAL_DMA_Start_IT  stm32f4xx_hal_dma.o
    0x080009fe   0x080009fe   0x00000002   PAD
    0x08000a00   0x08000a00   0x00000028   Code   RO         3055    i.HAL_Delay         stm32f4xx_hal.o
    0x08000a28   0x08000a28   0x00000200   Code   RO         2524    i.HAL_GPIO_Init     stm32f4xx_hal_gpio.o
    0x08000c28   0x08000c28   0x00000008   Code   RO         2527    i.HAL_GPIO_TogglePin  stm32f4xx_hal_gpio.o
    0x08000c30   0x08000c30   0x0000000c   Code   RO         2528    i.HAL_GPIO_WritePin  stm32f4xx_hal_gpio.o
    0x08000c3c   0x08000c3c   0x0000000c   Code   RO         3061    i.HAL_GetTick       stm32f4xx_hal.o
    0x08000c48   0x08000c48   0x00000018   Code   RO         3065    i.HAL_IncTick       stm32f4xx_hal.o
    0x08000c60   0x08000c60   0x0000003c   Code   RO         3066    i.HAL_Init          stm32f4xx_hal.o
    0x08000c9c   0x08000c9c   0x0000008c   Code   RO          674    i.HAL_InitTick      stm32f4xx_hal_timebase_tim.o
    0x08000d28   0x08000d28   0x00000054   Code   RO          637    i.HAL_MspInit       stm32f4xx_hal_msp.o
    0x08000d7c   0x08000d7c   0x0000001a   Code   RO         2913    i.HAL_NVIC_EnableIRQ  stm32f4xx_hal_cortex.o
    0x08000d96   0x08000d96   0x0000007c   Code   RO         2919    i.HAL_NVIC_SetPriority  stm32f4xx_hal_cortex.o
    0x08000e12   0x08000e12   0x00000002   PAD
    0x08000e14   0x08000e14   0x00000028   Code   RO         2920    i.HAL_NVIC_SetPriorityGrouping  stm32f4xx_hal_cortex.o
    0x08000e3c   0x08000e3c   0x00000180   Code   RO         2125    i.HAL_RCC_ClockConfig  stm32f4xx_hal_rcc.o
    0x08000fbc   0x08000fbc   0x00000044   Code   RO         2129    i.HAL_RCC_GetClockConfig  stm32f4xx_hal_rcc.o
    0x08001000   0x08001000   0x0000000c   Code   RO         2130    i.HAL_RCC_GetHCLKFreq  stm32f4xx_hal_rcc.o
    0x0800100c   0x0800100c   0x00000020   Code   RO         2132    i.HAL_RCC_GetPCLK1Freq  stm32f4xx_hal_rcc.o
    0x0800102c   0x0800102c   0x000000b0   Code   RO         2134    i.HAL_RCC_GetSysClockFreq  stm32f4xx_hal_rcc.o
    0x080010dc   0x080010dc   0x00000448   Code   RO         2137    i.HAL_RCC_OscConfig  stm32f4xx_hal_rcc.o
    0x08001524   0x08001524   0x0000000a   Code   RO          277    i.HAL_SD_AbortCallback  bsp_driver_sd.o
    0x0800152e   0x0800152e   0x000000a8   Code   RO          992    i.HAL_SD_ConfigWideBusOperation  stm32f4xx_hal_sd.o
    0x080015d6   0x080015d6   0x00000002   Code   RO          995    i.HAL_SD_ErrorCallback  stm32f4xx_hal_sd.o
    0x080015d8   0x080015d8   0x000001f0   Code   RO          997    i.HAL_SD_GetCardCSD  stm32f4xx_hal_sd.o
    0x080017c8   0x080017c8   0x00000026   Code   RO          998    i.HAL_SD_GetCardInfo  stm32f4xx_hal_sd.o
    0x080017ee   0x080017ee   0x00000028   Code   RO          999    i.HAL_SD_GetCardState  stm32f4xx_hal_sd.o
    0x08001816   0x08001816   0x00000002   PAD
    0x08001818   0x08001818   0x00000200   Code   RO         1003    i.HAL_SD_IRQHandler  stm32f4xx_hal_sd.o
    0x08001a18   0x08001a18   0x00000036   Code   RO         1004    i.HAL_SD_Init       stm32f4xx_hal_sd.o
    0x08001a4e   0x08001a4e   0x00000002   PAD
    0x08001a50   0x08001a50   0x00000084   Code   RO         1005    i.HAL_SD_InitCard   stm32f4xx_hal_sd.o
    0x08001ad4   0x08001ad4   0x0000018c   Code   RO          639    i.HAL_SD_MspInit    stm32f4xx_hal_msp.o
    0x08001c60   0x08001c60   0x00000128   Code   RO         1009    i.HAL_SD_ReadBlocks_DMA  stm32f4xx_hal_sd.o
    0x08001d88   0x08001d88   0x0000000a   Code   RO          278    i.HAL_SD_RxCpltCallback  bsp_driver_sd.o
    0x08001d92   0x08001d92   0x0000000a   Code   RO          279    i.HAL_SD_TxCpltCallback  bsp_driver_sd.o
    0x08001d9c   0x08001d9c   0x00000124   Code   RO         1014    i.HAL_SD_WriteBlocks_DMA  stm32f4xx_hal_sd.o
    0x08001ec0   0x08001ec0   0x00000002   Code   RO         1885    i.HAL_TIMEx_BreakCallback  stm32f4xx_hal_tim_ex.o
    0x08001ec2   0x08001ec2   0x00000002   Code   RO         1886    i.HAL_TIMEx_CommutationCallback  stm32f4xx_hal_tim_ex.o
    0x08001ec4   0x08001ec4   0x00000034   Code   RO         1246    i.HAL_TIM_Base_Init  stm32f4xx_hal_tim.o
    0x08001ef8   0x08001ef8   0x00000002   Code   RO         1248    i.HAL_TIM_Base_MspInit  stm32f4xx_hal_tim.o
    0x08001efa   0x08001efa   0x0000001e   Code   RO         1251    i.HAL_TIM_Base_Start_IT  stm32f4xx_hal_tim.o
    0x08001f18   0x08001f18   0x00000002   Code   RO         1275    i.HAL_TIM_IC_CaptureCallback  stm32f4xx_hal_tim.o
    0x08001f1a   0x08001f1a   0x00000196   Code   RO         1288    i.HAL_TIM_IRQHandler  stm32f4xx_hal_tim.o
    0x080020b0   0x080020b0   0x00000002   Code   RO         1291    i.HAL_TIM_OC_DelayElapsedCallback  stm32f4xx_hal_tim.o
    0x080020b2   0x080020b2   0x00000002   Code   RO         1318    i.HAL_TIM_PWM_PulseFinishedCallback  stm32f4xx_hal_tim.o
    0x080020b4   0x080020b4   0x00000018   Code   RO           14    i.HAL_TIM_PeriodElapsedCallback  main.o
    0x080020cc   0x080020cc   0x00000002   Code   RO         1329    i.HAL_TIM_TriggerCallback  stm32f4xx_hal_tim.o
    0x080020ce   0x080020ce   0x00000004   Code   RO          559    i.HardFault_Handler  stm32f4xx_it.o
    0x080020d2   0x080020d2   0x00000002   PAD
    0x080020d4   0x080020d4   0x00000048   Code   RO           15    i.MX_DMA_Init       main.o
    0x0800211c   0x0800211c   0x0000001c   Code   RO          482    i.MX_FATFS_Init     fatfs.o
    0x08002138   0x08002138   0x0000007c   Code   RO           16    i.MX_GPIO_Init      main.o
    0x080021b4   0x080021b4   0x00000024   Code   RO           17    i.MX_SDIO_SD_Init   main.o
    0x080021d8   0x080021d8   0x00000004   Code   RO          560    i.MemManage_Handler  stm32f4xx_it.o
    0x080021dc   0x080021dc   0x00000002   Code   RO          561    i.NMI_Handler       stm32f4xx_it.o
    0x080021de   0x080021de   0x00000002   PAD
    0x080021e0   0x080021e0   0x00000010   Code   RO         2926    i.NVIC_GetPriorityGrouping  stm32f4xx_hal_cortex.o
    0x080021f0   0x080021f0   0x00000028   Code   RO         2927    i.NVIC_SetPriority  stm32f4xx_hal_cortex.o
    0x08002218   0x08002218   0x0000002c   Code   RO          713    i.SDIO_ConfigData   stm32f4xx_ll_sdmmc.o
    0x08002244   0x08002244   0x00000008   Code   RO          714    i.SDIO_GetCommandResponse  stm32f4xx_ll_sdmmc.o
    0x0800224c   0x0800224c   0x0000000a   Code   RO          717    i.SDIO_GetPowerState  stm32f4xx_ll_sdmmc.o
    0x08002256   0x08002256   0x00000016   Code   RO          718    i.SDIO_GetResponse  stm32f4xx_ll_sdmmc.o
    0x0800226c   0x0800226c   0x00000010   Code   RO          562    i.SDIO_IRQHandler   stm32f4xx_it.o
    0x0800227c   0x0800227c   0x00000034   Code   RO          719    i.SDIO_Init         stm32f4xx_ll_sdmmc.o
    0x080022b0   0x080022b0   0x0000000a   Code   RO          721    i.SDIO_PowerState_ON  stm32f4xx_ll_sdmmc.o
    0x080022ba   0x080022ba   0x00000008   Code   RO          722    i.SDIO_ReadFIFO     stm32f4xx_ll_sdmmc.o
    0x080022c2   0x080022c2   0x00000028   Code   RO          723    i.SDIO_SendCommand  stm32f4xx_ll_sdmmc.o
    0x080022ea   0x080022ea   0x0000000c   Code   RO          725    i.SDIO_WriteFIFO    stm32f4xx_ll_sdmmc.o
    0x080022f6   0x080022f6   0x0000003a   Code   RO          726    i.SDMMC_CmdAppCommand  stm32f4xx_ll_sdmmc.o
    0x08002330   0x08002330   0x0000003c   Code   RO          727    i.SDMMC_CmdAppOperCommand  stm32f4xx_ll_sdmmc.o
    0x0800236c   0x0800236c   0x0000003a   Code   RO          728    i.SDMMC_CmdBlockLength  stm32f4xx_ll_sdmmc.o
    0x080023a6   0x080023a6   0x0000003a   Code   RO          729    i.SDMMC_CmdBusWidth  stm32f4xx_ll_sdmmc.o
    0x080023e0   0x080023e0   0x0000002e   Code   RO          733    i.SDMMC_CmdGoIdleState  stm32f4xx_ll_sdmmc.o
    0x0800240e   0x0800240e   0x00000036   Code   RO          735    i.SDMMC_CmdOperCond  stm32f4xx_ll_sdmmc.o
    0x08002444   0x08002444   0x0000003a   Code   RO          736    i.SDMMC_CmdReadMultiBlock  stm32f4xx_ll_sdmmc.o
    0x0800247e   0x0800247e   0x0000003a   Code   RO          737    i.SDMMC_CmdReadSingleBlock  stm32f4xx_ll_sdmmc.o
    0x080024b8   0x080024b8   0x0000003c   Code   RO          740    i.SDMMC_CmdSelDesel  stm32f4xx_ll_sdmmc.o
    0x080024f4   0x080024f4   0x00000034   Code   RO          741    i.SDMMC_CmdSendCID  stm32f4xx_ll_sdmmc.o
    0x08002528   0x08002528   0x00000034   Code   RO          742    i.SDMMC_CmdSendCSD  stm32f4xx_ll_sdmmc.o
    0x0800255c   0x0800255c   0x0000003a   Code   RO          743    i.SDMMC_CmdSendSCR  stm32f4xx_ll_sdmmc.o
    0x08002596   0x08002596   0x0000003a   Code   RO          744    i.SDMMC_CmdSendStatus  stm32f4xx_ll_sdmmc.o
    0x080025d0   0x080025d0   0x0000003a   Code   RO          745    i.SDMMC_CmdSetRelAdd  stm32f4xx_ll_sdmmc.o
    0x0800260a   0x0800260a   0x00000002   PAD
    0x0800260c   0x0800260c   0x0000003c   Code   RO          747    i.SDMMC_CmdStopTransfer  stm32f4xx_ll_sdmmc.o
    0x08002648   0x08002648   0x0000003a   Code   RO          749    i.SDMMC_CmdWriteMultiBlock  stm32f4xx_ll_sdmmc.o
    0x08002682   0x08002682   0x0000003a   Code   RO          750    i.SDMMC_CmdWriteSingleBlock  stm32f4xx_ll_sdmmc.o
    0x080026bc   0x080026bc   0x00000040   Code   RO          751    i.SDMMC_GetCmdError  stm32f4xx_ll_sdmmc.o
    0x080026fc   0x080026fc   0x000001a4   Code   RO          752    i.SDMMC_GetCmdResp1  stm32f4xx_ll_sdmmc.o
    0x080028a0   0x080028a0   0x0000005c   Code   RO          753    i.SDMMC_GetCmdResp2  stm32f4xx_ll_sdmmc.o
    0x080028fc   0x080028fc   0x00000050   Code   RO          754    i.SDMMC_GetCmdResp3  stm32f4xx_ll_sdmmc.o
    0x0800294c   0x0800294c   0x000000b0   Code   RO          755    i.SDMMC_GetCmdResp6  stm32f4xx_ll_sdmmc.o
    0x080029fc   0x080029fc   0x00000058   Code   RO          756    i.SDMMC_GetCmdResp7  stm32f4xx_ll_sdmmc.o
    0x08002a54   0x08002a54   0x00000028   Code   RO          406    i.SD_CheckStatus    sd_diskio.o
    0x08002a7c   0x08002a7c   0x0000005c   Code   RO         1016    i.SD_DMAError       stm32f4xx_hal_sd.o
    0x08002ad8   0x08002ad8   0x00000046   Code   RO         1017    i.SD_DMAReceiveCplt  stm32f4xx_hal_sd.o
    0x08002b1e   0x08002b1e   0x0000004c   Code   RO         1018    i.SD_DMARxAbort     stm32f4xx_hal_sd.o
    0x08002b6a   0x08002b6a   0x00000012   Code   RO         1019    i.SD_DMATransmitCplt  stm32f4xx_hal_sd.o
    0x08002b7c   0x08002b7c   0x0000004c   Code   RO         1020    i.SD_DMATxAbort     stm32f4xx_hal_sd.o
    0x08002bc8   0x08002bc8   0x0000012c   Code   RO         1021    i.SD_FindSCR        stm32f4xx_hal_sd.o
    0x08002cf4   0x08002cf4   0x000000fc   Code   RO         1022    i.SD_InitCard       stm32f4xx_hal_sd.o
    0x08002df0   0x08002df0   0x000000ee   Code   RO         1024    i.SD_PowerON        stm32f4xx_hal_sd.o
    0x08002ede   0x08002ede   0x00000026   Code   RO         1025    i.SD_Read_IT        stm32f4xx_hal_sd.o
    0x08002f04   0x08002f04   0x00000032   Code   RO         1027    i.SD_SendStatus     stm32f4xx_hal_sd.o
    0x08002f36   0x08002f36   0x0000006a   Code   RO         1028    i.SD_WideBus_Disable  stm32f4xx_hal_sd.o
    0x08002fa0   0x08002fa0   0x0000006a   Code   RO         1029    i.SD_WideBus_Enable  stm32f4xx_hal_sd.o
    0x0800300a   0x0800300a   0x00000026   Code   RO         1030    i.SD_Write_IT       stm32f4xx_hal_sd.o
    0x08003030   0x08003030   0x00000050   Code   RO          407    i.SD_initialize     sd_diskio.o
    0x08003080   0x08003080   0x0000006c   Code   RO          408    i.SD_ioctl          sd_diskio.o
    0x080030ec   0x080030ec   0x00000070   Code   RO          409    i.SD_read           sd_diskio.o
    0x0800315c   0x0800315c   0x0000000c   Code   RO          410    i.SD_status         sd_diskio.o
    0x08003168   0x08003168   0x00000070   Code   RO          411    i.SD_write          sd_diskio.o
    0x080031d8   0x080031d8   0x00000034   Code   RO         4800    i.SysTick_Handler   port.o
    0x0800320c   0x0800320c   0x000000b8   Code   RO           18    i.SystemClock_Config  main.o
    0x080032c4   0x080032c4   0x00000064   Code   RO         3220    i.SystemInit        system_stm32f4xx.o
    0x08003328   0x08003328   0x00000010   Code   RO          563    i.TIM3_IRQHandler   stm32f4xx_it.o
    0x08003338   0x08003338   0x000000e4   Code   RO         1330    i.TIM_Base_SetConfig  stm32f4xx_hal_tim.o
    0x0800341c   0x0800341c   0x00000004   Code   RO          564    i.UsageFault_Handler  stm32f4xx_it.o
    0x08003420   0x08003420   0x0000000e   Code   RO         4909    i.__scatterload_copy  mc_w.l(handlers.o)
    0x0800342e   0x0800342e   0x00000002   Code   RO         4910    i.__scatterload_null  mc_w.l(handlers.o)
    0x08003430   0x08003430   0x0000000e   Code   RO         4911    i.__scatterload_zeroinit  mc_w.l(handlers.o)
    0x0800343e   0x0800343e   0x00000002   PAD
    0x08003440   0x08003440   0x0000007c   Code   RO         3311    i.check_fs          ff.o
    0x080034bc   0x080034bc   0x00000014   Code   RO         3312    i.chk_chr           ff.o
    0x080034d0   0x080034d0   0x0000007c   Code   RO         3313    i.chk_lock          ff.o
    0x0800354c   0x0800354c   0x00000028   Code   RO         3314    i.clear_lock        ff.o
    0x08003574   0x08003574   0x00000036   Code   RO         3315    i.clmt_clust        ff.o
    0x080035aa   0x080035aa   0x0000001a   Code   RO         3316    i.clust2sect        ff.o
    0x080035c4   0x080035c4   0x000000de   Code   RO         3317    i.create_chain      ff.o
    0x080036a2   0x080036a2   0x00000002   PAD
    0x080036a4   0x080036a4   0x000000e0   Code   RO         3318    i.create_name       ff.o
    0x08003784   0x08003784   0x00000044   Code   RO         3319    i.dec_lock          ff.o
    0x080037c8   0x080037c8   0x00000060   Code   RO         3320    i.dir_alloc         ff.o
    0x08003828   0x08003828   0x0000006c   Code   RO         3321    i.dir_find          ff.o
    0x08003894   0x08003894   0x0000011a   Code   RO         3322    i.dir_next          ff.o
    0x080039ae   0x080039ae   0x0000003c   Code   RO         3324    i.dir_register      ff.o
    0x080039ea   0x080039ea   0x000000a6   Code   RO         3326    i.dir_sdi           ff.o
    0x08003a90   0x08003a90   0x0000002c   Code   RO         3256    i.disk_initialize   diskio.o
    0x08003abc   0x08003abc   0x00000028   Code   RO         3257    i.disk_ioctl        diskio.o
    0x08003ae4   0x08003ae4   0x00000030   Code   RO         3258    i.disk_read         diskio.o
    0x08003b14   0x08003b14   0x0000001c   Code   RO         3259    i.disk_status       diskio.o
    0x08003b30   0x08003b30   0x00000030   Code   RO         3260    i.disk_write        diskio.o
    0x08003b60   0x08003b60   0x00000028   Code   RO         3327    i.enq_lock          ff.o
    0x08003b88   0x08003b88   0x00000034   Code   RO         3328    i.f_close           ff.o
    0x08003bbc   0x08003bbc   0x00000084   Code   RO         3335    i.f_mount           ff.o
    0x08003c40   0x08003c40   0x0000024a   Code   RO         3336    i.f_open            ff.o
    0x08003e8a   0x08003e8a   0x000000b0   Code   RO         3345    i.f_sync            ff.o
    0x08003f3a   0x08003f3a   0x00000278   Code   RO         3348    i.f_write           ff.o
    0x080041b2   0x080041b2   0x00000024   Code   RO         3735    i.ff_cre_syncobj    syscall.o
    0x080041d6   0x080041d6   0x0000000e   Code   RO         3736    i.ff_del_syncobj    syscall.o
    0x080041e4   0x080041e4   0x0000000c   Code   RO         3737    i.ff_rel_grant      syscall.o
    0x080041f0   0x080041f0   0x00000018   Code   RO         3738    i.ff_req_grant      syscall.o
    0x08004208   0x08004208   0x00000358   Code   RO         3349    i.find_volume       ff.o
    0x08004560   0x08004560   0x000000ae   Code   RO         3350    i.follow_path       ff.o
    0x0800460e   0x0800460e   0x00000132   Code   RO         3351    i.get_fat           ff.o
    0x08004740   0x08004740   0x00000004   Code   RO          483    i.get_fattime       fatfs.o
    0x08004744   0x08004744   0x00000048   Code   RO         3353    i.get_ldnumber      ff.o
    0x0800478c   0x0800478c   0x00000010   Code   RO         4363    i.inHandlerMode     cmsis_os.o
    0x0800479c   0x0800479c   0x000000bc   Code   RO         3354    i.inc_lock          ff.o
    0x08004858   0x08004858   0x00000026   Code   RO         3355    i.ld_clust          ff.o
    0x0800487e   0x0800487e   0x00000018   Code   RO         3356    i.ld_dword          ff.o
    0x08004896   0x08004896   0x0000000c   Code   RO         3357    i.ld_word           ff.o
    0x080048a2   0x080048a2   0x00000016   Code   RO         3358    i.lock_fs           ff.o
    0x080048b8   0x080048b8   0x0000006c   Code   RO           19    i.main              main.o
    0x08004924   0x08004924   0x0000000e   Code   RO         4365    i.makeFreeRtosPriority  cmsis_os.o
    0x08004932   0x08004932   0x00000024   Code   RO         3359    i.mem_cmp           ff.o
    0x08004956   0x08004956   0x0000001a   Code   RO         3360    i.mem_cpy           ff.o
    0x08004970   0x08004970   0x00000012   Code   RO         3361    i.mem_set           ff.o
    0x08004982   0x08004982   0x00000034   Code   RO         3362    i.move_window       ff.o
    0x080049b6   0x080049b6   0x00000018   Code   RO         4367    i.osDelay           cmsis_os.o
    0x080049ce   0x080049ce   0x00000012   Code   RO         4369    i.osKernelRunning   cmsis_os.o
    0x080049e0   0x080049e0   0x0000000a   Code   RO         4370    i.osKernelStart     cmsis_os.o
    0x080049ea   0x080049ea   0x00000014   Code   RO         4371    i.osKernelSysTick   cmsis_os.o
    0x080049fe   0x080049fe   0x00000012   Code   RO         4379    i.osMessageCreate   cmsis_os.o
    0x08004a10   0x08004a10   0x0000009c   Code   RO         4381    i.osMessageGet      cmsis_os.o
    0x08004aac   0x08004aac   0x00000060   Code   RO         4383    i.osMessagePut      cmsis_os.o
    0x08004b0c   0x08004b0c   0x0000000c   Code   RO         4385    i.osMutexCreate     cmsis_os.o
    0x08004b18   0x08004b18   0x0000002c   Code   RO         4396    i.osSemaphoreCreate  cmsis_os.o
    0x08004b44   0x08004b44   0x00000018   Code   RO         4397    i.osSemaphoreDelete  cmsis_os.o
    0x08004b5c   0x08004b5c   0x00000050   Code   RO         4399    i.osSemaphoreRelease  cmsis_os.o
    0x08004bac   0x08004bac   0x0000006c   Code   RO         4400    i.osSemaphoreWait   cmsis_os.o
    0x08004c18   0x08004c18   0x00000030   Code   RO         4404    i.osThreadCreate    cmsis_os.o
    0x08004c48   0x08004c48   0x00000098   Code   RO         4070    i.prvAddCurrentTaskToDelayedList  tasks.o
    0x08004ce0   0x08004ce0   0x000000b4   Code   RO         4071    i.prvAddNewTaskToReadyList  tasks.o
    0x08004d94   0x08004d94   0x00000064   Code   RO         4072    i.prvCheckTasksWaitingTermination  tasks.o
    0x08004df8   0x08004df8   0x0000002a   Code   RO         3915    i.prvCopyDataFromQueue  queue.o
    0x08004e22   0x08004e22   0x0000007c   Code   RO         3916    i.prvCopyDataToQueue  queue.o
    0x08004e9e   0x08004e9e   0x00000012   Code   RO         4073    i.prvDeleteTCB      tasks.o
    0x08004eb0   0x08004eb0   0x0000007c   Code   RO         4738    i.prvHeapInit       heap_4.o
    0x08004f2c   0x08004f2c   0x00000028   Code   RO         4074    i.prvIdleTask       tasks.o
    0x08004f54   0x08004f54   0x0000001c   Code   RO         3917    i.prvInitialiseMutex  queue.o
    0x08004f70   0x08004f70   0x00000026   Code   RO         3918    i.prvInitialiseNewQueue  queue.o
    0x08004f96   0x08004f96   0x000000aa   Code   RO         4075    i.prvInitialiseNewTask  tasks.o
    0x08005040   0x08005040   0x00000068   Code   RO         4076    i.prvInitialiseTaskLists  tasks.o
    0x080050a8   0x080050a8   0x00000068   Code   RO         4739    i.prvInsertBlockIntoFreeList  heap_4.o
    0x08005110   0x08005110   0x0000001a   Code   RO         3919    i.prvIsQueueEmpty   queue.o
    0x0800512a   0x0800512a   0x0000001e   Code   RO         3920    i.prvIsQueueFull    queue.o
    0x08005148   0x08005148   0x00000034   Code   RO         4077    i.prvResetNextTaskUnblockTime  tasks.o
    0x0800517c   0x0800517c   0x00000040   Code   RO         4801    i.prvTaskExitError  port.o
    0x080051bc   0x080051bc   0x0000007e   Code   RO         3921    i.prvUnlockQueue    queue.o
    0x0800523a   0x0800523a   0x00000190   Code   RO         3363    i.put_fat           ff.o
    0x080053ca   0x080053ca   0x00000002   PAD
    0x080053cc   0x080053cc   0x0000013c   Code   RO         4740    i.pvPortMalloc      heap_4.o
    0x08005508   0x08005508   0x00000020   Code   RO         4079    i.pvTaskIncrementMutexHeldCount  tasks.o
    0x08005528   0x08005528   0x0000002c   Code   RO         4802    i.pxPortInitialiseStack  port.o
    0x08005554   0x08005554   0x0000009a   Code   RO         3367    i.remove_chain      ff.o
    0x080055ee   0x080055ee   0x00000024   Code   RO         3368    i.st_clust          ff.o
    0x08005612   0x08005612   0x00000018   Code   RO         3369    i.st_dword          ff.o
    0x0800562a   0x0800562a   0x0000000c   Code   RO         3370    i.st_word           ff.o
    0x08005636   0x08005636   0x00000002   PAD
    0x08005638   0x08005638   0x00000090   Code   RO         3371    i.sync_fs           ff.o
    0x080056c8   0x080056c8   0x00000052   Code   RO         3372    i.sync_window       ff.o
    0x0800571a   0x0800571a   0x00000002   PAD
    0x0800571c   0x0800571c   0x00000020   Code   RO           20    i.taskT1            main.o
    0x0800573c   0x0800573c   0x00000094   Code   RO           21    i.taskT2            main.o
    0x080057d0   0x080057d0   0x0000001c   Code   RO         3373    i.unlock_fs         ff.o
    0x080057ec   0x080057ec   0x00000028   Code   RO         3878    i.uxListRemove      list.o
    0x08005814   0x08005814   0x0000001a   Code   RO         3879    i.vListInitialise   list.o
    0x0800582e   0x0800582e   0x00000006   Code   RO         3880    i.vListInitialiseItem  list.o
    0x08005834   0x08005834   0x00000034   Code   RO         3881    i.vListInsert       list.o
    0x08005868   0x08005868   0x00000018   Code   RO         3882    i.vListInsertEnd    list.o
    0x08005880   0x08005880   0x00000054   Code   RO         4804    i.vPortEnterCritical  port.o
    0x080058d4   0x080058d4   0x0000003c   Code   RO         4805    i.vPortExitCritical  port.o
    0x08005910   0x08005910   0x00000094   Code   RO         4741    i.vPortFree         heap_4.o
    0x080059a4   0x080059a4   0x00000020   Code   RO         4806    i.vPortSetupTimerInterrupt  port.o
    0x080059c4   0x080059c4   0x00000078   Code   RO         4807    i.vPortValidateInterruptPriority  port.o
    0x08005a3c   0x08005a3c   0x0000002c   Code   RO         3926    i.vQueueDelete      queue.o
    0x08005a68   0x08005a68   0x00000030   Code   RO         3927    i.vQueueUnregisterQueue  queue.o
    0x08005a98   0x08005a98   0x0000005c   Code   RO         4085    i.vTaskDelay        tasks.o
    0x08005af4   0x08005af4   0x0000000c   Code   RO         4088    i.vTaskMissedYield  tasks.o
    0x08005b00   0x08005b00   0x00000038   Code   RO         4090    i.vTaskPlaceOnEventList  tasks.o
    0x08005b38   0x08005b38   0x000000b0   Code   RO         4092    i.vTaskPriorityInherit  tasks.o
    0x08005be8   0x08005be8   0x00000030   Code   RO         4095    i.vTaskSetTimeOutState  tasks.o
    0x08005c18   0x08005c18   0x00000088   Code   RO         4096    i.vTaskStartScheduler  tasks.o
    0x08005ca0   0x08005ca0   0x00000010   Code   RO         4098    i.vTaskSuspendAll   tasks.o
    0x08005cb0   0x08005cb0   0x0000008c   Code   RO         4099    i.vTaskSwitchContext  tasks.o
    0x08005d3c   0x08005d3c   0x00000048   Code   RO         3374    i.validate          ff.o
    0x08005d84   0x08005d84   0x0000013c   Code   RO         4808    i.xPortStartScheduler  port.o
    0x08005ec0   0x08005ec0   0x00000022   Code   RO         3928    i.xQueueCreateMutex  queue.o
    0x08005ee2   0x08005ee2   0x00000058   Code   RO         3929    i.xQueueGenericCreate  queue.o
    0x08005f3a   0x08005f3a   0x00000002   PAD
    0x08005f3c   0x08005f3c   0x000001c4   Code   RO         3930    i.xQueueGenericReceive  queue.o
    0x08006100   0x08006100   0x00000098   Code   RO         3931    i.xQueueGenericReset  queue.o
    0x08006198   0x08006198   0x000001a8   Code   RO         3932    i.xQueueGenericSend  queue.o
    0x08006340   0x08006340   0x000000f8   Code   RO         3933    i.xQueueGenericSendFromISR  queue.o
    0x08006438   0x08006438   0x000000e0   Code   RO         3934    i.xQueueGiveFromISR  queue.o
    0x08006518   0x08006518   0x000000ca   Code   RO         3938    i.xQueueReceiveFromISR  queue.o
    0x080065e2   0x080065e2   0x00000002   PAD
    0x080065e4   0x080065e4   0x0000008c   Code   RO         4100    i.xTaskCheckForTimeOut  tasks.o
    0x08006670   0x08006670   0x00000060   Code   RO         4101    i.xTaskCreate       tasks.o
    0x080066d0   0x080066d0   0x00000020   Code   RO         4105    i.xTaskGetSchedulerState  tasks.o
    0x080066f0   0x080066f0   0x0000000c   Code   RO         4106    i.xTaskGetTickCount  tasks.o
    0x080066fc   0x080066fc   0x00000014   Code   RO         4107    i.xTaskGetTickCountFromISR  tasks.o
    0x08006710   0x08006710   0x00000148   Code   RO         4108    i.xTaskIncrementTick  tasks.o
    0x08006858   0x08006858   0x000000c8   Code   RO         4111    i.xTaskPriorityDisinherit  tasks.o
    0x08006920   0x08006920   0x00000098   Code   RO         4112    i.xTaskRemoveFromEventList  tasks.o
    0x080069b8   0x080069b8   0x00000104   Code   RO         4114    i.xTaskResumeAll    tasks.o
    0x08006abc   0x08006abc   0x00000028   Data   RO           23    .constdata          main.o
    0x08006ae4   0x08006ae4   0x0000001c   Data   RO          412    .constdata          sd_diskio.o
    0x08006b00   0x08006b00   0x00000008   Data   RO         2643    .constdata          stm32f4xx_hal_dma.o
    0x08006b08   0x08006b08   0x00000018   Data   RO         3221    .constdata          system_stm32f4xx.o
    0x08006b20   0x08006b20   0x0000009c   Data   RO         3376    .constdata          ff.o
    0x08006bbc   0x08006bbc   0x00000016   Data   RO           24    .conststring        main.o
    0x08006bd2   0x08006bd2   0x00000002   PAD
    0x08006bd4   0x08006bd4   0x00000020   Data   RO         4907    Region$$Table       anon$$obj.o


    Execution Region RW_IRAM1 (Exec base: 0x20000000, Load base: 0x08006bf4, Size: 0x0000a038, Max: 0x00020000, ABSOLUTE)

    Exec Addr    Load Addr    Size         Type   Attr      Idx    E Section Name        Object

    0x20000000   0x08006bf4   0x00000054   Data   RW           25    .data               main.o
    0x20000054   0x08006c48   0x00000008   Data   RW          413    .data               sd_diskio.o
    0x2000005c   0x08006c50   0x00000005   Data   RW          485    .data               fatfs.o
    0x20000061   0x08006c55   0x00000003   PAD
    0x20000064   0x08006c58   0x00000009   Data   RW         3073    .data               stm32f4xx_hal.o
    0x2000006d   0x08006c61   0x00000003   PAD
    0x20000070   0x08006c64   0x00000004   Data   RW         3222    .data               system_stm32f4xx.o
    0x20000074   0x08006c68   0x00000006   Data   RW         3377    .data               ff.o
    0x2000007a   0x08006c6e   0x00000002   PAD
    0x2000007c   0x08006c70   0x0000003c   Data   RW         4117    .data               tasks.o
    0x200000b8   0x08006cac   0x00000018   Data   RW         4746    .data               heap_4.o
    0x200000d0   0x08006cc4   0x0000000c   Data   RW         4809    .data               port.o
    0x200000dc        -       0x000021c0   Zero   RW           22    .bss                main.o
    0x2000229c        -       0x0000003c   Zero   RW          677    .bss                stm32f4xx_hal_timebase_tim.o
    0x200022d8        -       0x00000020   Zero   RW         3375    .bss                ff.o
    0x200022f8        -       0x0000000c   Zero   RW         3689    .bss                ff_gen_drv.o
    0x20002304        -       0x00000040   Zero   RW         3939    .bss                queue.o
    0x20002344        -       0x000000f0   Zero   RW         4116    .bss                tasks.o
    0x20002434        -       0x00003c00   Zero   RW         4745    .bss                heap_4.o
    0x20006034   0x08006cd0   0x00000004   PAD
    0x20006038        -       0x00004000   Zero   RW            1    STACK               startup_stm32f407xx.o


==============================================================================

Image component sizes


      Code (inc. data)   RO Data    RW Data    ZI Data      Debug   Object Name

       216         26          0          0          0       6730   bsp_driver_sd.o
       688         16          0          0          0      23386   cmsis_os.o
       208         24          0          0          0       4249   diskio.o
         0          0          0          0          0       9704   event_groups.o
        32         12          0          5          0       1712   fatfs.o
      6008         82        156          6         32      42541   ff.o
       102          6          0          0         12       1859   ff_gen_drv.o
       692         62          0         24      15360       7759   heap_4.o
       148          0          0          0          0       3926   list.o
       730        100         62         84       8640     725000   main.o
       958         92          0         12          0      12701   port.o
      2330         20          0          0         64      19664   queue.o
       512         48         28          8          0      12309   sd_diskio.o
        36          8        392          0      16384        896   startup_stm32f407xx.o
       136         24          0          9          0       4258   stm32f4xx_hal.o
       246         22          0          0          0      30486   stm32f4xx_hal_cortex.o
      1276         16          8          0          0       6690   stm32f4xx_hal_dma.o
       532         46          0          0          0       3165   stm32f4xx_hal_gpio.o
       480         36          0          0          0       2039   stm32f4xx_hal_msp.o
      1768         84          0          0          0       6030   stm32f4xx_hal_rcc.o
      3490         38          0          0          0      20007   stm32f4xx_hal_sd.o
       726         44          0          0          0       6862   stm32f4xx_hal_tim.o
         4          0          0          0          0       1758   stm32f4xx_hal_tim_ex.o
       140         18          0          0         60       1623   stm32f4xx_hal_timebase_tim.o
        84         24          0          0          0       5305   stm32f4xx_it.o
      2090         40          0          0          0      26079   stm32f4xx_ll_sdmmc.o
        86          0          0          0          0       3852   syscall.o
       100         18         24          4          0       1335   system_stm32f4xx.o
      2764        368          0         60        240      25478   tasks.o

    ----------------------------------------------------------------------
     26612       1274        704        220      40796    1017403   Object Totals
         0          0         32          0          0          0   (incl. Generated)
        30          0          2          8          4          0   (incl. Padding)

    ----------------------------------------------------------------------

      Code (inc. data)   RO Data    RW Data    ZI Data      Debug   Library Member Name

         0          0          0          0          0          0   entry.o
         0          0          0          0          0          0   entry10a.o
         0          0          0          0          0          0   entry11a.o
         8          4          0          0          0          0   entry2.o
         4          0          0          0          0          0   entry5.o
         0          0          0          0          0          0   entry7b.o
         0          0          0          0          0          0   entry8b.o
         8          4          0          0          0          0   entry9a.o
        30          0          0          0          0          0   handlers.o
        36          8          0          0          0         68   init.o
        30          0          0          0          0         68   llshl.o
        32          0          0          0          0         68   llushr.o
        36          0          0          0          0         68   memcpya.o
        36          0          0          0          0        108   memseta.o
        98          0          0          0          0         92   uldiv.o

    ----------------------------------------------------------------------
       320         16          0          0          0        472   Library Totals
         2          0          0          0          0          0   (incl. Padding)

    ----------------------------------------------------------------------

      Code (inc. data)   RO Data    RW Data    ZI Data      Debug   Library Name

       318         16          0          0          0        472   mc_w.l

    ----------------------------------------------------------------------
       320         16          0          0          0        472   Library Totals

    ----------------------------------------------------------------------

==============================================================================


      Code (inc. data)   RO Data    RW Data    ZI Data      Debug   

     26932       1290        704        220      40796     992323   Grand Totals
     26932       1290        704        220      40796     992323   ELF Image Totals
     26932       1290        704        220          0          0   ROM Totals

==============================================================================

    Total RO  Size (Code + RO Data)                27636 (  26.99kB)
    Total RW  Size (RW Data + ZI Data)             41016 (  40.05kB)
    Total ROM Size (Code + RO Data + RW Data)      27856 (  27.20kB)

==============================================================================

