<html>
<body>
<pre>
<h1>µVision Build Log</h1>
<h2>Tool Versions:</h2>
IDE-Version: µVision V5.26.2.0
Copyright (C) 2018 ARM Ltd and ARM Germany GmbH. All rights reserved.
License Information: shanvaz m, comspots, LIC=3UURA-16G4N-QI75M-X3S7N-EQB6S-Y70Y6
 
Tool Versions:
Toolchain:       MDK-ARM Professional  Version: 5.26.2.0
Toolchain Path:  C:\Keil_v5\ARM\ARMCC\Bin
C Compiler:      Armcc.exe V5.06 update 6 (build 750)
Assembler:       Armasm.exe V5.06 update 6 (build 750)
Linker/Locator:  ArmLink.exe V5.06 update 6 (build 750)
Library Manager: ArmAr.exe V5.06 update 6 (build 750)
Hex Converter:   FromElf.exe V5.06 update 6 (build 750)
CPU DLL:         SARMCM3.DLL V5.26.2.0
Dialog DLL:      DCM.DLL V1.17.2.0
Target DLL:      STLink\ST-LINKIII-KEIL_SWO.dll V3.0.5.0
Dialog DLL:      TCM.DLL V1.36.1.0
 
<h2>Project:</h2>
C:\Users\Administrator\Desktop\github\freeRTOS+SDIO+FATFS\STM32F407VG-freeRTOS-FATFS-SDIO-SD-CARD\MDK-ARM\freeRtos+FatFSDemo.uvprojx
Project File Date:  04/16/2019

<h2>Output:</h2>
*** Using Compiler 'V5.06 update 6 (build 750)', folder: 'C:\Keil_v5\ARM\ARMCC\Bin'
Rebuild target 'freeRtos+FatFSDemo'
assembling startup_stm32f407xx.s...
compiling freertos.c...
compiling stm32f4xx_hal_msp.c...
compiling fatfs.c...
compiling bsp_driver_sd.c...
compiling stm32f4xx_it.c...
compiling main.c...
compiling sd_diskio.c...
compiling stm32f4xx_hal_tim_ex.c...
compiling stm32f4xx_hal_timebase_tim.c...
compiling stm32f4xx_ll_sdmmc.c...
compiling stm32f4xx_hal_rcc_ex.c...
compiling stm32f4xx_hal_tim.c...
compiling stm32f4xx_hal_sd.c...
compiling stm32f4xx_hal_rcc.c...
compiling stm32f4xx_hal_flash_ramfunc.c...
compiling stm32f4xx_hal_gpio.c...
compiling stm32f4xx_hal_flash_ex.c...
compiling stm32f4xx_hal_dma_ex.c...
compiling stm32f4xx_hal_dma.c...
compiling stm32f4xx_hal_pwr.c...
compiling stm32f4xx_hal_flash.c...
compiling system_stm32f4xx.c...
compiling stm32f4xx_hal.c...
compiling ff_gen_drv.c...
compiling croutine.c...
compiling stm32f4xx_hal_pwr_ex.c...
compiling event_groups.c...
compiling stm32f4xx_hal_cortex.c...
compiling list.c...
compiling timers.c...
compiling queue.c...
compiling tasks.c...
compiling heap_4.c...
compiling cmsis_os.c...
compiling ff.c...
compiling diskio.c...
compiling port.c...
compiling syscall.c...
linking...
Program Size: Code=26932 RO-data=704 RW-data=220 ZI-data=40796  
FromELF: creating hex file...
"freeRtos+FatFSDemo\freeRtos+FatFSDemo.axf" - 0 Error(s), 0 Warning(s).

<h2>Software Packages used:</h2>

Package Vendor: ARM
                http://www.keil.com/pack/ARM.CMSIS.5.5.0.pack
                ARM.CMSIS.5.5.0
                CMSIS (Cortex Microcontroller Software Interface Standard)
   * Component: CORE Version: 5.2.0

Package Vendor: Keil
                http://www.keil.com/pack/Keil.STM32F4xx_DFP.2.13.0.pack
                Keil.STM32F4xx_DFP.2.13.0
                STMicroelectronics STM32F4 Series Device Support, Drivers and Examples

<h2>Collection of Component include folders:</h2>
  .\RTE\_freeRtos_FatFSDemo
  C:\Keil_v5\ARM\PACK\ARM\CMSIS\5.5.0\CMSIS\Core\Include
  C:\Keil_v5\ARM\PACK\Keil\STM32F4xx_DFP\2.13.0\Drivers\CMSIS\Device\ST\STM32F4xx\Include

<h2>Collection of Component Files used:</h2>

   * Component: ARM::CMSIS:CORE:5.2.0
Build Time Elapsed:  00:00:24
</pre>
</body>
</html>
