###############################################################################
#
# IAR ELF Linker V7.70.1.11437/W32 for ARM                16/Apr/2019  16:31:22
# Copyright 2007-2016 IAR Systems AB.
#
#    Output file  =  
#        C:\Users\Administrator\Desktop\LerningProjects\freeRtos+FatFSDemo\EWARM\freeRtos+FatFSDemo\Exe\freeRtos+FatFSDemo.out
#    Map file     =  
#        C:\Users\Administrator\Desktop\LerningProjects\freeRtos+FatFSDemo\EWARM\freeRtos+FatFSDemo\List\freeRtos+FatFSDemo.map
#    Command line =  
#        C:\Users\Administrator\Desktop\LerningProjects\freeRtos+FatFSDemo\EWARM\freeRtos+FatFSDemo\Obj\bsp_driver_sd.o
#        C:\Users\Administrator\Desktop\LerningProjects\freeRtos+FatFSDemo\EWARM\freeRtos+FatFSDemo\Obj\cmsis_os.o
#        C:\Users\Administrator\Desktop\LerningProjects\freeRtos+FatFSDemo\EWARM\freeRtos+FatFSDemo\Obj\croutine.o
#        C:\Users\Administrator\Desktop\LerningProjects\freeRtos+FatFSDemo\EWARM\freeRtos+FatFSDemo\Obj\diskio.o
#        C:\Users\Administrator\Desktop\LerningProjects\freeRtos+FatFSDemo\EWARM\freeRtos+FatFSDemo\Obj\event_groups.o
#        C:\Users\Administrator\Desktop\LerningProjects\freeRtos+FatFSDemo\EWARM\freeRtos+FatFSDemo\Obj\fatfs.o
#        C:\Users\Administrator\Desktop\LerningProjects\freeRtos+FatFSDemo\EWARM\freeRtos+FatFSDemo\Obj\ff.o
#        C:\Users\Administrator\Desktop\LerningProjects\freeRtos+FatFSDemo\EWARM\freeRtos+FatFSDemo\Obj\ff_gen_drv.o
#        C:\Users\Administrator\Desktop\LerningProjects\freeRtos+FatFSDemo\EWARM\freeRtos+FatFSDemo\Obj\freertos.o
#        C:\Users\Administrator\Desktop\LerningProjects\freeRtos+FatFSDemo\EWARM\freeRtos+FatFSDemo\Obj\heap_4.o
#        C:\Users\Administrator\Desktop\LerningProjects\freeRtos+FatFSDemo\EWARM\freeRtos+FatFSDemo\Obj\list.o
#        C:\Users\Administrator\Desktop\LerningProjects\freeRtos+FatFSDemo\EWARM\freeRtos+FatFSDemo\Obj\main.o
#        C:\Users\Administrator\Desktop\LerningProjects\freeRtos+FatFSDemo\EWARM\freeRtos+FatFSDemo\Obj\port.o
#        C:\Users\Administrator\Desktop\LerningProjects\freeRtos+FatFSDemo\EWARM\freeRtos+FatFSDemo\Obj\portasm.o
#        C:\Users\Administrator\Desktop\LerningProjects\freeRtos+FatFSDemo\EWARM\freeRtos+FatFSDemo\Obj\queue.o
#        C:\Users\Administrator\Desktop\LerningProjects\freeRtos+FatFSDemo\EWARM\freeRtos+FatFSDemo\Obj\sd_diskio.o
#        C:\Users\Administrator\Desktop\LerningProjects\freeRtos+FatFSDemo\EWARM\freeRtos+FatFSDemo\Obj\startup_stm32f407xx.o
#        C:\Users\Administrator\Desktop\LerningProjects\freeRtos+FatFSDemo\EWARM\freeRtos+FatFSDemo\Obj\stm32f4xx_hal.o
#        C:\Users\Administrator\Desktop\LerningProjects\freeRtos+FatFSDemo\EWARM\freeRtos+FatFSDemo\Obj\stm32f4xx_hal_cortex.o
#        C:\Users\Administrator\Desktop\LerningProjects\freeRtos+FatFSDemo\EWARM\freeRtos+FatFSDemo\Obj\stm32f4xx_hal_dma.o
#        C:\Users\Administrator\Desktop\LerningProjects\freeRtos+FatFSDemo\EWARM\freeRtos+FatFSDemo\Obj\stm32f4xx_hal_dma_ex.o
#        C:\Users\Administrator\Desktop\LerningProjects\freeRtos+FatFSDemo\EWARM\freeRtos+FatFSDemo\Obj\stm32f4xx_hal_flash.o
#        C:\Users\Administrator\Desktop\LerningProjects\freeRtos+FatFSDemo\EWARM\freeRtos+FatFSDemo\Obj\stm32f4xx_hal_flash_ex.o
#        C:\Users\Administrator\Desktop\LerningProjects\freeRtos+FatFSDemo\EWARM\freeRtos+FatFSDemo\Obj\stm32f4xx_hal_flash_ramfunc.o
#        C:\Users\Administrator\Desktop\LerningProjects\freeRtos+FatFSDemo\EWARM\freeRtos+FatFSDemo\Obj\stm32f4xx_hal_gpio.o
#        C:\Users\Administrator\Desktop\LerningProjects\freeRtos+FatFSDemo\EWARM\freeRtos+FatFSDemo\Obj\stm32f4xx_hal_msp.o
#        C:\Users\Administrator\Desktop\LerningProjects\freeRtos+FatFSDemo\EWARM\freeRtos+FatFSDemo\Obj\stm32f4xx_hal_pwr.o
#        C:\Users\Administrator\Desktop\LerningProjects\freeRtos+FatFSDemo\EWARM\freeRtos+FatFSDemo\Obj\stm32f4xx_hal_pwr_ex.o
#        C:\Users\Administrator\Desktop\LerningProjects\freeRtos+FatFSDemo\EWARM\freeRtos+FatFSDemo\Obj\stm32f4xx_hal_rcc.o
#        C:\Users\Administrator\Desktop\LerningProjects\freeRtos+FatFSDemo\EWARM\freeRtos+FatFSDemo\Obj\stm32f4xx_hal_rcc_ex.o
#        C:\Users\Administrator\Desktop\LerningProjects\freeRtos+FatFSDemo\EWARM\freeRtos+FatFSDemo\Obj\stm32f4xx_hal_sd.o
#        C:\Users\Administrator\Desktop\LerningProjects\freeRtos+FatFSDemo\EWARM\freeRtos+FatFSDemo\Obj\stm32f4xx_hal_tim.o
#        C:\Users\Administrator\Desktop\LerningProjects\freeRtos+FatFSDemo\EWARM\freeRtos+FatFSDemo\Obj\stm32f4xx_hal_tim_ex.o
#        C:\Users\Administrator\Desktop\LerningProjects\freeRtos+FatFSDemo\EWARM\freeRtos+FatFSDemo\Obj\stm32f4xx_hal_timebase_tim.o
#        C:\Users\Administrator\Desktop\LerningProjects\freeRtos+FatFSDemo\EWARM\freeRtos+FatFSDemo\Obj\stm32f4xx_it.o
#        C:\Users\Administrator\Desktop\LerningProjects\freeRtos+FatFSDemo\EWARM\freeRtos+FatFSDemo\Obj\stm32f4xx_ll_sdmmc.o
#        C:\Users\Administrator\Desktop\LerningProjects\freeRtos+FatFSDemo\EWARM\freeRtos+FatFSDemo\Obj\syscall.o
#        C:\Users\Administrator\Desktop\LerningProjects\freeRtos+FatFSDemo\EWARM\freeRtos+FatFSDemo\Obj\system_stm32f4xx.o
#        C:\Users\Administrator\Desktop\LerningProjects\freeRtos+FatFSDemo\EWARM\freeRtos+FatFSDemo\Obj\tasks.o
#        C:\Users\Administrator\Desktop\LerningProjects\freeRtos+FatFSDemo\EWARM\freeRtos+FatFSDemo\Obj\timers.o
#        --redirect _Printf=_PrintfFull --redirect _Scanf=_ScanfFull -o
#        C:\Users\Administrator\Desktop\LerningProjects\freeRtos+FatFSDemo\EWARM\freeRtos+FatFSDemo\Exe\freeRtos+FatFSDemo.out
#        --map
#        C:\Users\Administrator\Desktop\LerningProjects\freeRtos+FatFSDemo\EWARM\freeRtos+FatFSDemo\List\freeRtos+FatFSDemo.map
#        --config
#        C:\Users\Administrator\Desktop\LerningProjects\freeRtos+FatFSDemo\EWARM/stm32f407xx_flash.icf
#        --semihosting --entry __iar_program_start --vfe
#
###############################################################################

*******************************************************************************
*** RUNTIME MODEL ATTRIBUTES
***

CppFlavor       = *
__SystemLibrary = DLib


*******************************************************************************
*** PLACEMENT SUMMARY
***

"A0":  place at 0x08000000 { ro section .intvec };
"P1":  place in [from 0x08000000 to 0x080fffff] { ro };
"P2":  place in [from 0x20000000 to 0x2001ffff] { rw, block CSTACK, block HEAP };
initialize by copy { rw };

  Section            Kind        Address    Size  Object
  -------            ----        -------    ----  ------
"A0":                                      0x188
  .intvec            ro code  0x08000000   0x188  startup_stm32f407xx.o [1]
                            - 0x08000188   0x188

"P1":                                     0x5368
  .text              ro code  0x08000188  0x1348  ff.o [1]
  .text              ro code  0x080014d0    0x44  syscall.o [1]
  .text              ro code  0x08001514    0x74  diskio.o [1]
  .text              ro code  0x08001588    0x1c  fatfs.o [1]
  .text              ro code  0x080015a4   0x246  cmsis_os.o [1]
  .text              ro code  0x080017ec    0x40  ff_gen_drv.o [1]
  .text              ro code  0x0800182c   0x770  tasks.o [1]
  .text              ro code  0x08001f9c   0x684  queue.o [1]
  .text              ro code  0x08002620   0x1b4  heap_4.o [1]
  .text              ro code  0x080027d4    0x8e  list.o [1]
  .text              ro code  0x08002864   0x1ec  port.o [1]
  .text              ro code  0x08002a50    0x76  ABImemcpy_unaligned.o [5]
  CODE               ro code  0x08002ac8    0xa8  portasm.o [1]
  .text              ro code  0x08002b70   0xb18  stm32f4xx_hal_sd.o [1]
  .text              ro code  0x08003688   0x180  stm32f4xx_hal_msp.o [1]
  .text              ro code  0x08003808   0x528  stm32f4xx_ll_sdmmc.o [1]
  .text              ro code  0x08003d30    0x28  stm32f4xx_hal.o [1]
  .text              ro code  0x08003d58   0x390  stm32f4xx_hal_dma.o [1]
  .text              ro code  0x080040e8    0x88  bsp_driver_sd.o [1]
  .text              ro code  0x08004170     0x2  stm32f4xx_hal_sd.o [1]
  .text              ro code  0x08004174     0xc  stm32f4xx_hal.o [1]
  .text              ro code  0x08004180    0x98  stm32f4xx_hal_cortex.o [1]
  .text              ro code  0x08004218     0x6  ABImemclr4.o [5]
  .text              ro code  0x08004220   0x1e0  stm32f4xx_hal_gpio.o [1]
  .text              ro code  0x08004400   0x2bc  main.o [1]
  .text              ro code  0x080046bc     0x2  bsp_driver_sd.o [1]
  .text              ro code  0x080046c0   0x158  sd_diskio.o [1]
  .text              ro code  0x08004818    0x32  ABImemset48.o [5]
  .text              ro code  0x0800484c    0x34  stm32f4xx_hal.o [1]
  .text              ro code  0x08004880   0x2bc  stm32f4xx_hal_rcc.o [1]
  .text              ro code  0x08004b3c   0x1c0  stm32f4xx_hal_rcc.o [1]
  .text              ro code  0x08004cfc    0x10  stm32f4xx_hal.o [1]
  .text              ro code  0x08004d0c    0x7c  stm32f4xx_hal_timebase_tim.o [1]
  .text              ro code  0x08004d88    0xee  I64DivMod.o [5]
  .text              ro code  0x08004e78   0x256  stm32f4xx_hal_tim.o [1]
  .text              ro code  0x080050d0     0x2  I64DivZer.o [5]
  .text              ro code  0x080050d2     0x2  stm32f4xx_hal_tim.o [1]
  .text              ro code  0x080050d4     0x2  stm32f4xx_hal_tim.o [1]
  .text              ro code  0x080050d6     0x2  stm32f4xx_hal_tim_ex.o [1]
  .text              ro code  0x080050d8     0x2  stm32f4xx_hal_tim.o [1]
  .text              ro code  0x080050da     0x2  stm32f4xx_hal_tim_ex.o [1]
  .text              ro code  0x080050dc     0x2  stm32f4xx_hal_tim.o [1]
  .text              ro code  0x080050e0    0x60  system_stm32f4xx.o [1]
  .text              ro code  0x08005140    0x40  zero_init3.o [5]
  .text              ro code  0x08005180    0x38  packbits_init_single.o [5]
  .text              ro code  0x080051b8    0x34  stm32f4xx_it.o [1]
  .text              ro code  0x080051ec    0x28  data_init.o [5]
  .text              ro code  0x08005214    0x22  fpinit_M.o [4]
  .iar.init_table    const    0x08005238    0x20  - Linker created -
  .text              ro code  0x08005258    0x1a  cmain.o [5]
  .text              ro code  0x08005272     0x4  low_level_init.o [3]
  .text              ro code  0x08005276     0x4  exit.o [3]
  .text              ro code  0x0800527c     0xa  cexit.o [5]
  .text              ro code  0x08005288    0x14  exit.o [6]
  .rodata            const    0x0800529c    0x18  main.o [1]
  .rodata            const    0x080052b4    0x14  sd_diskio.o [1]
  .text              ro code  0x080052c8    0x10  startup_stm32f407xx.o [1]
  .text              ro code  0x080052d8     0xc  cstartup_M.o [5]
  .rodata            const    0x080052e4     0x8  system_stm32f4xx.o [1]
  .text              ro code  0x080052ec     0x4  startup_stm32f407xx.o [1]
  .text              ro code  0x080052f0     0x4  startup_stm32f407xx.o [1]
  .text              ro code  0x080052f4     0x4  startup_stm32f407xx.o [1]
  .text              ro code  0x080052f8     0x4  startup_stm32f407xx.o [1]
  .text              ro code  0x080052fc     0x4  startup_stm32f407xx.o [1]
  .text              ro code  0x08005300     0x4  startup_stm32f407xx.o [1]
  .text              ro code  0x08005304     0x4  startup_stm32f407xx.o [1]
  .text              ro code  0x08005308     0x4  startup_stm32f407xx.o [1]
  .text              ro code  0x0800530c     0x4  startup_stm32f407xx.o [1]
  .text              ro code  0x08005310     0x4  startup_stm32f407xx.o [1]
  .text              ro code  0x08005314     0x4  startup_stm32f407xx.o [1]
  .text              ro code  0x08005318     0x4  startup_stm32f407xx.o [1]
  .text              ro code  0x0800531c     0x4  startup_stm32f407xx.o [1]
  .text              ro code  0x08005320     0x4  startup_stm32f407xx.o [1]
  .text              ro code  0x08005324     0x4  startup_stm32f407xx.o [1]
  .text              ro code  0x08005328     0x4  startup_stm32f407xx.o [1]
  .text              ro code  0x0800532c     0x4  startup_stm32f407xx.o [1]
  .text              ro code  0x08005330     0x4  startup_stm32f407xx.o [1]
  .text              ro code  0x08005334     0x4  startup_stm32f407xx.o [1]
  .text              ro code  0x08005338     0x4  startup_stm32f407xx.o [1]
  .text              ro code  0x0800533c     0x4  startup_stm32f407xx.o [1]
  .text              ro code  0x08005340     0x4  startup_stm32f407xx.o [1]
  .text              ro code  0x08005344     0x4  startup_stm32f407xx.o [1]
  .text              ro code  0x08005348     0x4  startup_stm32f407xx.o [1]
  .text              ro code  0x0800534c     0x4  startup_stm32f407xx.o [1]
  .text              ro code  0x08005350     0x4  startup_stm32f407xx.o [1]
  .text              ro code  0x08005354     0x4  startup_stm32f407xx.o [1]
  .text              ro code  0x08005358     0x4  startup_stm32f407xx.o [1]
  .text              ro code  0x0800535c     0x4  startup_stm32f407xx.o [1]
  .text              ro code  0x08005360     0x4  startup_stm32f407xx.o [1]
  .text              ro code  0x08005364     0x4  startup_stm32f407xx.o [1]
  .text              ro code  0x08005368     0x4  startup_stm32f407xx.o [1]
  .text              ro code  0x0800536c     0x4  startup_stm32f407xx.o [1]
  .text              ro code  0x08005370     0x4  startup_stm32f407xx.o [1]
  .text              ro code  0x08005374     0x4  startup_stm32f407xx.o [1]
  .text              ro code  0x08005378     0x4  startup_stm32f407xx.o [1]
  .text              ro code  0x0800537c     0x4  startup_stm32f407xx.o [1]
  .text              ro code  0x08005380     0x4  startup_stm32f407xx.o [1]
  .text              ro code  0x08005384     0x4  startup_stm32f407xx.o [1]
  .text              ro code  0x08005388     0x4  startup_stm32f407xx.o [1]
  .text              ro code  0x0800538c     0x4  startup_stm32f407xx.o [1]
  .text              ro code  0x08005390     0x4  startup_stm32f407xx.o [1]
  .text              ro code  0x08005394     0x4  startup_stm32f407xx.o [1]
  .text              ro code  0x08005398     0x4  startup_stm32f407xx.o [1]
  .text              ro code  0x0800539c     0x4  startup_stm32f407xx.o [1]
  .text              ro code  0x080053a0     0x4  startup_stm32f407xx.o [1]
  .text              ro code  0x080053a4     0x4  startup_stm32f407xx.o [1]
  .text              ro code  0x080053a8     0x4  startup_stm32f407xx.o [1]
  .text              ro code  0x080053ac     0x4  startup_stm32f407xx.o [1]
  .text              ro code  0x080053b0     0x4  startup_stm32f407xx.o [1]
  .text              ro code  0x080053b4     0x4  startup_stm32f407xx.o [1]
  .text              ro code  0x080053b8     0x4  startup_stm32f407xx.o [1]
  .text              ro code  0x080053bc     0x4  startup_stm32f407xx.o [1]
  .text              ro code  0x080053c0     0x4  startup_stm32f407xx.o [1]
  .text              ro code  0x080053c4     0x4  startup_stm32f407xx.o [1]
  .text              ro code  0x080053c8     0x4  startup_stm32f407xx.o [1]
  .text              ro code  0x080053cc     0x4  startup_stm32f407xx.o [1]
  .text              ro code  0x080053d0     0x4  startup_stm32f407xx.o [1]
  .text              ro code  0x080053d4     0x4  startup_stm32f407xx.o [1]
  .text              ro code  0x080053d8     0x4  startup_stm32f407xx.o [1]
  .text              ro code  0x080053dc     0x4  startup_stm32f407xx.o [1]
  .text              ro code  0x080053e0     0x4  startup_stm32f407xx.o [1]
  .text              ro code  0x080053e4     0x4  startup_stm32f407xx.o [1]
  .text              ro code  0x080053e8     0x4  startup_stm32f407xx.o [1]
  .text              ro code  0x080053ec     0x4  startup_stm32f407xx.o [1]
  .text              ro code  0x080053f0     0x4  startup_stm32f407xx.o [1]
  .text              ro code  0x080053f4     0x4  startup_stm32f407xx.o [1]
  .text              ro code  0x080053f8     0x4  startup_stm32f407xx.o [1]
  .text              ro code  0x080053fc     0x4  startup_stm32f407xx.o [1]
  .text              ro code  0x08005400     0x4  startup_stm32f407xx.o [1]
  .text              ro code  0x08005404     0x4  startup_stm32f407xx.o [1]
  .text              ro code  0x08005408     0x4  startup_stm32f407xx.o [1]
  .text              ro code  0x0800540c     0x4  startup_stm32f407xx.o [1]
  .text              ro code  0x08005410     0x4  startup_stm32f407xx.o [1]
  .text              ro code  0x08005414     0x4  startup_stm32f407xx.o [1]
  .text              ro code  0x08005418     0x4  startup_stm32f407xx.o [1]
  .text              ro code  0x0800541c     0x4  startup_stm32f407xx.o [1]
  .rodata            const    0x08005420     0x0  zero_init3.o [5]
  .rodata            const    0x08005420     0x0  packbits_init_single.o [5]
  Initializer bytes  const    0x08005420    0xd0  <for P2-1>
                            - 0x080054f0  0x5368

"P2", part 1 of 3:                        0x20d8
  P2-1                        0x20000000  0x20d8  <Init block>
    .data            inited   0x20000000  0x20b4  main.o [1]
    .data            inited   0x200020b4     0xc  port.o [1]
    .data            inited   0x200020c0     0x8  sd_diskio.o [1]
    .data            inited   0x200020c8     0xc  stm32f4xx_hal.o [1]
    .data            inited   0x200020d4     0x4  system_stm32f4xx.o [1]
                            - 0x200020d8  0x20d8

"P2", part 2 of 3:                        0x4000
  CSTACK                      0x200020d8  0x4000  <Block>
    CSTACK           uninit   0x200020d8  0x4000  <Block tail>
                            - 0x200060d8  0x4000

"P2", part 3 of 3:                        0x3f4c
  .bss               zero     0x200060d8  0x3c18  heap_4.o [1]
  .bss               zero     0x20009cf0    0xa0  tasks.o [1]
  .bss               zero     0x20009d90    0x90  main.o [1]
  .bss               zero     0x20009e20    0x8c  tasks.o [1]
  .bss               zero     0x20009eac    0x60  main.o [1]
  .bss               zero     0x20009f0c    0x60  main.o [1]
  .bss               zero     0x20009f6c    0x40  queue.o [1]
  .bss               zero     0x20009fac    0x3c  stm32f4xx_hal_timebase_tim.o [1]
  .bss               zero     0x20009fe8    0x20  ff.o [1]
  .bss               zero     0x2000a008     0xc  ff_gen_drv.o [1]
  .bss               zero     0x2000a014     0x8  fatfs.o [1]
  .bss               zero     0x2000a01c     0x8  ff.o [1]
                            - 0x2000a024  0x3f4c


*******************************************************************************
*** INIT TABLE
***

          Address     Size
          -------     ----
Zero (__iar_zero_init3)
    1 destination range, total size 0x3f4c:
          0x200060d8  0x3f4c

Copy/packbits (__iar_packbits_init_single3)
    1 source range, total size 0xd0 (2% of destination):
          0x08005420    0xd0
    1 destination range, total size 0x20d8:
          0x20000000  0x20d8



*******************************************************************************
*** MODULE SUMMARY
***

    Module                        ro code  ro data  rw data
    ------                        -------  -------  -------
C:\Users\Administrator\Desktop\LerningProjects\freeRtos+FatFSDemo\EWARM\freeRtos+FatFSDemo\Obj: [1]
    bsp_driver_sd.o                   138
    cmsis_os.o                        582
    diskio.o                          116
    fatfs.o                            28                 8
    ff.o                            4 936                40
    ff_gen_drv.o                       64                12
    heap_4.o                          436            15 384
    list.o                            142
    main.o                            700      231    8 708
    port.o                            492                12
    portasm.o                         168
    queue.o                         1 668                64
    sd_diskio.o                       344       20        8
    startup_stm32f407xx.o             716
    stm32f4xx_hal.o                   120                12
    stm32f4xx_hal_cortex.o            152
    stm32f4xx_hal_dma.o               912
    stm32f4xx_hal_gpio.o              480
    stm32f4xx_hal_msp.o               384
    stm32f4xx_hal_rcc.o             1 148
    stm32f4xx_hal_sd.o              2 842
    stm32f4xx_hal_tim.o               606
    stm32f4xx_hal_tim_ex.o              4
    stm32f4xx_hal_timebase_tim.o      124                60
    stm32f4xx_it.o                     52
    stm32f4xx_ll_sdmmc.o            1 320
    syscall.o                          68
    system_stm32f4xx.o                 96        9        4
    tasks.o                         1 904               300
    -------------------------------------------------------
    Total:                         20 742      260   24 612

command line: [2]
    -------------------------------------------------------
    Total:

dl7M_tlf.a: [3]
    exit.o                              4
    low_level_init.o                    4
    -------------------------------------------------------
    Total:                              8

m7M_tls.a: [4]
    fpinit_M.o                         34
    -------------------------------------------------------
    Total:                             34

rt7M_tl.a: [5]
    ABImemclr4.o                        6
    ABImemcpy_unaligned.o             118
    ABImemset48.o                      50
    I64DivMod.o                       238
    I64DivZer.o                         2
    cexit.o                            10
    cmain.o                            26
    cstartup_M.o                       12
    data_init.o                        40
    packbits_init_single.o             56
    zero_init3.o                       64
    -------------------------------------------------------
    Total:                            622

shb_l.a: [6]
    exit.o                             20
    -------------------------------------------------------
    Total:                             20

    Gaps                               24        2
    Linker created                              32   16 384
-----------------------------------------------------------
    Grand Total:                   21 450      294   40 996


*******************************************************************************
*** ENTRY LIST
***

Entry                      Address    Size  Type      Object
-----                      -------    ----  ----      ------
.iar.init_table$$Base   0x08005238           --   Gb  - Linker created -
.iar.init_table$$Limit  0x08005258           --   Gb  - Linker created -
?main                   0x08005259          Code  Gb  cmain.o [5]
AHBPrescTable           0x08005130    0x10  Data  Gb  system_stm32f4xx.o [1]
APBPrescTable           0x080052e4     0x8  Data  Gb  system_stm32f4xx.o [1]
BSP_SD_AbortCallback    0x080046bd     0x2  Code  Wk  bsp_driver_sd.o [1]
BSP_SD_GetCardInfo      0x08004155     0x8  Code  Gb  bsp_driver_sd.o [1]
BSP_SD_GetCardState     0x08004143    0x12  Code  Gb  bsp_driver_sd.o [1]
BSP_SD_Init             0x080040e9    0x32  Code  Gb  bsp_driver_sd.o [1]
BSP_SD_ReadBlocks_DMA   0x0800411b    0x10  Code  Gb  bsp_driver_sd.o [1]
BSP_SD_ReadCpltCallback
                        0x080047fd     0xe  Code  Gb  sd_diskio.o [1]
BSP_SD_WriteBlocks_DMA  0x0800412b     0xe  Code  Gb  bsp_driver_sd.o [1]
BSP_SD_WriteCpltCallback
                        0x080047ef     0xe  Code  Gb  sd_diskio.o [1]
BusFault_Handler        0x080051bf     0x2  Code  Gb  stm32f4xx_it.o [1]
CSTACK$$Base            0x200020d8           --   Gb  - Linker created -
CSTACK$$Limit           0x200060d8           --   Gb  - Linker created -
DMA2_Stream3_IRQHandler
                        0x080051d1     0x6  Code  Gb  stm32f4xx_it.o [1]
DMA2_Stream6_IRQHandler
                        0x080051d7     0x6  Code  Gb  stm32f4xx_it.o [1]
DMA_CalcBaseAndBitshift
                        0x080040bb    0x26  Code  Lc  stm32f4xx_hal_dma.o [1]
DMA_CalcBaseAndBitshift::flagBitshiftOffset
                        0x080040e0     0x8  Data  Lc  stm32f4xx_hal_dma.o [1]
DMA_SetConfig           0x0800409d    0x1e  Code  Lc  stm32f4xx_hal_dma.o [1]
DebugMon_Handler        0x080051c3     0x2  Code  Gb  stm32f4xx_it.o [1]
Error_Handler           0x0800465d     0x2  Code  Gb  main.o [1]
ExCvt                   0x08000a64    0x80  Data  Lc  ff.o [1]
FATFS_LinkDriver        0x08001825     0x4  Code  Gb  ff_gen_drv.o [1]
FATFS_LinkDriverEx      0x080017ed    0x38  Code  Gb  ff_gen_drv.o [1]
FatFs                   0x2000a020     0x4  Data  Lc  ff.o [1]
Files                   0x20009fe8    0x20  Data  Lc  ff.o [1]
Fsid                    0x2000a01c     0x2  Data  Lc  ff.o [1]
HAL_DMA_Abort_IT        0x08003ebb    0x24  Code  Gb  stm32f4xx_hal_dma.o [1]
HAL_DMA_IRQHandler      0x08003edf   0x192  Code  Gb  stm32f4xx_hal_dma.o [1]
HAL_DMA_Init            0x08003d59    0xe6  Code  Gb  stm32f4xx_hal_dma.o [1]
HAL_DMA_Start_IT        0x08003e3f    0x64  Code  Gb  stm32f4xx_hal_dma.o [1]
HAL_Delay               0x08003d31    0x28  Code  Wk  stm32f4xx_hal.o [1]
HAL_GPIO_Init           0x08004221   0x1a4  Code  Gb  stm32f4xx_hal_gpio.o [1]
HAL_GPIO_TogglePin      0x080043cd     0x8  Code  Gb  stm32f4xx_hal_gpio.o [1]
HAL_GPIO_WritePin       0x080043c5     0x8  Code  Gb  stm32f4xx_hal_gpio.o [1]
HAL_GetTick             0x08004175     0xc  Code  Wk  stm32f4xx_hal.o [1]
HAL_IncTick             0x08004cfd    0x10  Code  Wk  stm32f4xx_hal.o [1]
HAL_Init                0x0800484d    0x30  Code  Gb  stm32f4xx_hal.o [1]
HAL_InitTick            0x08004d0d    0x6c  Code  Gb  stm32f4xx_hal_timebase_tim.o [1]
HAL_MspInit             0x08003689    0x3e  Code  Gb  stm32f4xx_hal_msp.o [1]
HAL_NVIC_EnableIRQ      0x080041ef     0xc  Code  Gb  stm32f4xx_hal_cortex.o [1]
HAL_NVIC_SetPriority    0x080041b5    0x3a  Code  Gb  stm32f4xx_hal_cortex.o [1]
HAL_NVIC_SetPriorityGrouping
                        0x0800419b    0x1a  Code  Gb  stm32f4xx_hal_cortex.o [1]
HAL_RCC_ClockConfig     0x08004b3d    0xfa  Code  Gb  stm32f4xx_hal_rcc.o [1]
HAL_RCC_GetClockConfig  0x08004c59    0x34  Code  Gb  stm32f4xx_hal_rcc.o [1]
HAL_RCC_GetPCLK1Freq    0x08004c43    0x10  Code  Gb  stm32f4xx_hal_rcc.o [1]
HAL_RCC_GetSysClockFreq
                        0x08004ca5    0x58  Code  Wk  stm32f4xx_hal_rcc.o [1]
HAL_RCC_OscConfig       0x08004881   0x2bc  Code  Wk  stm32f4xx_hal_rcc.o [1]
HAL_SD_AbortCallback    0x08004165     0x4  Code  Gb  bsp_driver_sd.o [1]
HAL_SD_ConfigWideBusOperation
                        0x08003197   0x102  Code  Gb  stm32f4xx_hal_sd.o [1]
HAL_SD_ErrorCallback    0x08004171     0x2  Code  Wk  stm32f4xx_hal_sd.o [1]
HAL_SD_GetCardCSD       0x08002fa7   0x1cc  Code  Gb  stm32f4xx_hal_sd.o [1]
HAL_SD_GetCardInfo      0x08003173    0x24  Code  Gb  stm32f4xx_hal_sd.o [1]
HAL_SD_GetCardState     0x080032a3    0x26  Code  Gb  stm32f4xx_hal_sd.o [1]
HAL_SD_IRQHandler       0x08002e07   0x16e  Code  Gb  stm32f4xx_hal_sd.o [1]
HAL_SD_Init             0x08002b71    0x32  Code  Gb  stm32f4xx_hal_sd.o [1]
HAL_SD_InitCard         0x08002ba3    0x64  Code  Gb  stm32f4xx_hal_sd.o [1]
HAL_SD_MspInit          0x080036c7    0xe4  Code  Gb  stm32f4xx_hal_msp.o [1]
HAL_SD_ReadBlocks_DMA   0x08002c35    0xc8  Code  Gb  stm32f4xx_hal_sd.o [1]
HAL_SD_RxCpltCallback   0x0800416d     0x4  Code  Gb  bsp_driver_sd.o [1]
HAL_SD_TxCpltCallback   0x08004169     0x4  Code  Gb  bsp_driver_sd.o [1]
HAL_SD_WriteBlocks_DMA  0x08002d25    0xd4  Code  Gb  stm32f4xx_hal_sd.o [1]
HAL_TIMEx_BreakCallback
                        0x080050d7     0x2  Code  Wk  stm32f4xx_hal_tim_ex.o [1]
HAL_TIMEx_CommutationCallback
                        0x080050db     0x2  Code  Wk  stm32f4xx_hal_tim_ex.o [1]
HAL_TIM_Base_Init       0x08004e79    0x1a  Code  Gb  stm32f4xx_hal_tim.o [1]
HAL_TIM_Base_MspInit    0x080050cd     0x2  Code  Wk  stm32f4xx_hal_tim.o [1]
HAL_TIM_Base_Start_IT   0x08004e93    0x16  Code  Gb  stm32f4xx_hal_tim.o [1]
HAL_TIM_IC_CaptureCallback
                        0x080050d3     0x2  Code  Wk  stm32f4xx_hal_tim.o [1]
HAL_TIM_IRQHandler      0x08004ec5   0x142  Code  Gb  stm32f4xx_hal_tim.o [1]
HAL_TIM_OC_DelayElapsedCallback
                        0x080050d5     0x2  Code  Wk  stm32f4xx_hal_tim.o [1]
HAL_TIM_PWM_PulseFinishedCallback
                        0x080050dd     0x2  Code  Wk  stm32f4xx_hal_tim.o [1]
HAL_TIM_PeriodElapsedCallback
                        0x0800462b     0xe  Code  Gb  main.o [1]
HAL_TIM_TriggerCallback
                        0x080050d9     0x2  Code  Wk  stm32f4xx_hal_tim.o [1]
HardFault_Handler       0x080051bb     0x2  Code  Gb  stm32f4xx_it.o [1]
MX_FATFS_Init           0x08001589    0x10  Code  Gb  fatfs.o [1]
MemManage_Handler       0x080051bd     0x2  Code  Gb  stm32f4xx_it.o [1]
NMI_Handler             0x080051b9     0x2  Code  Gb  stm32f4xx_it.o [1]
NVIC_SetPriority        0x08004181    0x1a  Code  Lc  stm32f4xx_hal_cortex.o [1]
PendSV_Handler          0x08002ac9          Code  Gb  portasm.o [1]
Region$$Table$$Base     0x08005238           --   Gb  - Linker created -
Region$$Table$$Limit    0x08005258           --   Gb  - Linker created -
SDIO_ConfigData         0x08003885    0x1e  Code  Gb  stm32f4xx_ll_sdmmc.o [1]
SDIO_GetPowerState      0x08003847     0x8  Code  Gb  stm32f4xx_ll_sdmmc.o [1]
SDIO_GetResponse        0x08003871    0x14  Code  Gb  stm32f4xx_ll_sdmmc.o [1]
SDIO_IRQHandler         0x080051cb     0x6  Code  Gb  stm32f4xx_it.o [1]
SDIO_Init               0x08003809    0x28  Code  Gb  stm32f4xx_ll_sdmmc.o [1]
SDIO_PowerState_ON      0x0800383d     0x4  Code  Gb  stm32f4xx_ll_sdmmc.o [1]
SDIO_ReadFIFO           0x08003831     0x2  Code  Gb  stm32f4xx_ll_sdmmc.o [1]
SDIO_SendCommand        0x0800384f    0x22  Code  Gb  stm32f4xx_ll_sdmmc.o [1]
SDIO_WriteFIFO          0x08003833     0xa  Code  Gb  stm32f4xx_ll_sdmmc.o [1]
SDMMC_CmdAppCommand     0x08003a11    0x14  Code  Gb  stm32f4xx_ll_sdmmc.o [1]
SDMMC_CmdAppOperCommand
                        0x08003a25    0x1c  Code  Gb  stm32f4xx_ll_sdmmc.o [1]
SDMMC_CmdBlockLength    0x080038b1    0x14  Code  Gb  stm32f4xx_ll_sdmmc.o [1]
SDMMC_CmdBusWidth       0x08003a41     0x4  Code  Gb  stm32f4xx_ll_sdmmc.o [1]
SDMMC_CmdGoIdleState    0x08003963    0x38  Code  Gb  stm32f4xx_ll_sdmmc.o [1]
SDMMC_CmdOperCond       0x0800399b    0x4a  Code  Gb  stm32f4xx_ll_sdmmc.o [1]
SDMMC_CmdReadMultiBlock
                        0x080038d9    0x14  Code  Gb  stm32f4xx_ll_sdmmc.o [1]
SDMMC_CmdReadSingleBlock
                        0x080038c5    0x14  Code  Gb  stm32f4xx_ll_sdmmc.o [1]
SDMMC_CmdSelDesel       0x08003943    0x20  Code  Gb  stm32f4xx_ll_sdmmc.o [1]
SDMMC_CmdSendCID        0x08003a65    0x16  Code  Gb  stm32f4xx_ll_sdmmc.o [1]
SDMMC_CmdSendCSD        0x08003a7b    0x10  Code  Gb  stm32f4xx_ll_sdmmc.o [1]
SDMMC_CmdSendSCR        0x08003a45    0x16  Code  Gb  stm32f4xx_ll_sdmmc.o [1]
SDMMC_CmdSendStatus     0x08003b3f    0x14  Code  Gb  stm32f4xx_ll_sdmmc.o [1]
SDMMC_CmdSetRelAdd      0x08003aa3    0x8c  Code  Gb  stm32f4xx_ll_sdmmc.o [1]
SDMMC_CmdStopTransfer   0x0800392d    0x16  Code  Gb  stm32f4xx_ll_sdmmc.o [1]
SDMMC_CmdWriteMultiBlock
                        0x08003901    0x14  Code  Gb  stm32f4xx_ll_sdmmc.o [1]
SDMMC_CmdWriteSingleBlock
                        0x080038ed    0x14  Code  Gb  stm32f4xx_ll_sdmmc.o [1]
SDMMC_GetCmdResp1       0x08003b87   0x112  Code  Lc  stm32f4xx_ll_sdmmc.o [1]
SDMMC_GetCmdResp2       0x08003c99    0x3e  Code  Lc  stm32f4xx_ll_sdmmc.o [1]
SDMMC_GetCmdResp3       0x08003cd7    0x34  Code  Lc  stm32f4xx_ll_sdmmc.o [1]
SDPath                  0x2000a018     0x4  Data  Gb  fatfs.o [1]
SDQueueID               0x200020c4     0x4  Data  Lc  sd_diskio.o [1]
SD_CheckStatus          0x080046c1    0x1a  Code  Lc  sd_diskio.o [1]
SD_DMAError             0x08003349    0x4c  Code  Lc  stm32f4xx_hal_sd.o [1]
SD_DMAReceiveCplt       0x080032f9    0x36  Code  Lc  stm32f4xx_hal_sd.o [1]
SD_DMARxAbort           0x080033e9    0x46  Code  Lc  stm32f4xx_hal_sd.o [1]
SD_DMATransmitCplt      0x080032e9     0xe  Code  Lc  stm32f4xx_hal_sd.o [1]
SD_DMATxAbort           0x0800339d    0x46  Code  Lc  stm32f4xx_hal_sd.o [1]
SD_Driver               0x080052b4    0x14  Data  Gb  sd_diskio.o [1]
SD_FindSCR              0x08003595    0xde  Code  Lc  stm32f4xx_hal_sd.o [1]
SD_InitCard             0x0800342f    0xc4  Code  Lc  stm32f4xx_hal_sd.o [1]
SD_PowerON              0x080034fb    0x92  Code  Lc  stm32f4xx_hal_sd.o [1]
SD_initialize           0x080046db    0x40  Code  Gb  sd_diskio.o [1]
SD_ioctl                0x080047a5    0x4a  Code  Gb  sd_diskio.o [1]
SD_read                 0x0800471d    0x3c  Code  Gb  sd_diskio.o [1]
SD_status               0x0800471b     0x2  Code  Gb  sd_diskio.o [1]
SD_write                0x08004759    0x3c  Code  Gb  sd_diskio.o [1]
SVC_Handler             0x08002b21          Code  Gb  portasm.o [1]
Stat                    0x200020c0     0x1  Data  Lc  sd_diskio.o [1]
SysTick_Handler         0x080029a3    0x26  Code  Gb  port.o [1]
SystemClock_Config      0x080044fb    0x98  Code  Gb  main.o [1]
SystemCoreClock         0x200020d4     0x4  Data  Gb  system_stm32f4xx.o [1]
SystemInit              0x080050e1    0x3a  Code  Gb  system_stm32f4xx.o [1]
TIM3_IRQHandler         0x080051c5     0x6  Code  Gb  stm32f4xx_it.o [1]
TIM_Base_SetConfig      0x0800500d    0x90  Code  Gb  stm32f4xx_hal_tim.o [1]
UsageFault_Handler      0x080051c1     0x2  Code  Gb  stm32f4xx_it.o [1]
__aeabi_ldiv0           0x080050d1          Code  Gb  I64DivZer.o [5]
__aeabi_memclr4         0x08004219          Code  Gb  ABImemclr4.o [5]
__aeabi_uldivmod        0x08004d89          Code  Gb  I64DivMod.o [5]
__cmain                 0x08005259          Code  Gb  cmain.o [5]
__exit                  0x08005289    0x14  Code  Gb  exit.o [6]
__iar_Memset4_word      0x08004819          Code  Gb  ABImemset48.o [5]
__iar_Memset8_word      0x08004819          Code  Gb  ABImemset48.o [5]
__iar_data_init3        0x080051ed    0x28  Code  Gb  data_init.o [5]
__iar_init_vfp          0x08005215          Code  Gb  fpinit_M.o [4]
__iar_packbits_init_single3
                        0x08005181    0x38  Code  Gb  packbits_init_single.o [5]
__iar_program_start     0x080052d9          Code  Gb  cstartup_M.o [5]
__iar_unaligned___aeabi_memcpy
                        0x08002a51          Code  Gb  ABImemcpy_unaligned.o [5]
__iar_unaligned___aeabi_memcpy4
                        0x08002a71          Code  Gb  ABImemcpy_unaligned.o [5]
__iar_unaligned___aeabi_memcpy8
                        0x08002a71          Code  Gb  ABImemcpy_unaligned.o [5]
__iar_zero_init3        0x08005141    0x40  Code  Gb  zero_init3.o [5]
__low_level_init        0x08005273     0x4  Code  Gb  low_level_init.o [3]
__vector_table          0x08000000          Data  Gb  startup_stm32f407xx.o [1]
_call_main              0x08005265          Code  Gb  cmain.o [5]
_exit                   0x0800527d          Code  Gb  cexit.o [5]
_main                   0x0800526f          Code  Gb  cmain.o [5]
alaram                  0x2000207c    0x34  Data  Gb  main.o [1]
bytesCnt                0x200020b0     0x4  Data  Gb  main.o [1]
check_fs                0x08000bf5    0x6c  Code  Lc  ff.o [1]
chk_lock                0x080001ff    0x56  Code  Lc  ff.o [1]
clear_lock              0x080002f7    0x1c  Code  Lc  ff.o [1]
clmt_clust              0x08000729    0x2a  Code  Lc  ff.o [1]
clust2sect              0x08000417    0x16  Code  Lc  ff.o [1]
create_chain            0x08000681    0xa8  Code  Lc  ff.o [1]
create_name             0x0800098d    0xc4  Code  Lc  ff.o [1]
dd                      0x20000001     0x1  Data  Gb  main.o [1]
dec_lock                0x080002c1    0x36  Code  Lc  ff.o [1]
dir_next                0x080007e1    0xee  Code  Lc  ff.o [1]
dir_register            0x0800091b    0x72  Code  Lc  ff.o [1]
dir_sdi                 0x08000753    0x8e  Code  Lc  ff.o [1]
disk                    0x2000a008     0xc  Data  Gb  ff_gen_drv.o [1]
disk_initialize         0x08001527    0x1e  Code  Gb  diskio.o [1]
disk_ioctl              0x0800156d    0x18  Code  Gb  diskio.o [1]
disk_read               0x08001545     0xc  Code  Gb  diskio.o [1]
disk_status             0x08001515    0x12  Code  Gb  diskio.o [1]
disk_write              0x08001551     0xc  Code  Gb  diskio.o [1]
exit                    0x08005277     0x4  Code  Gb  exit.o [3]
fName                   0x2000103c    0x10  Data  Gb  main.o [1]
f_close                 0x0800148b    0x2e  Code  Gb  ff.o [1]
f_mount                 0x08000f3f    0x7a  Code  Gb  ff.o [1]
f_open                  0x08000fc1   0x212  Code  Gb  ff.o [1]
f_sync                  0x080013e7    0x8a  Code  Gb  ff.o [1]
f_write                 0x080011f5   0x184  Code  Gb  ff.o [1]
ff_cre_syncobj          0x080014d1    0x1e  Code  Gb  syscall.o [1]
ff_del_syncobj          0x080014ef     0xa  Code  Gb  syscall.o [1]
ff_rel_grant            0x0800150d     0x4  Code  Gb  syscall.o [1]
ff_req_grant            0x080014f9    0x14  Code  Gb  syscall.o [1]
file                    0x2000104c  0x1030  Data  Gb  main.o [1]
fileOnce                0x20000000     0x1  Data  Gb  main.o [1]
find_volume             0x08000c65   0x29a  Code  Lc  ff.o [1]
firstTaskHandle         0x20009e14     0x4  Data  Gb  main.o [1]
follow_path             0x08000ae5    0xcc  Code  Lc  ff.o [1]
get_fat                 0x0800042d    0xba  Code  Lc  ff.o [1]
get_fattime             0x080015a1     0x4  Code  Gb  fatfs.o [1]
get_ldnumber            0x08000bb7    0x3e  Code  Lc  ff.o [1]
hdma_sdio_rx            0x20009f0c    0x60  Data  Gb  main.o [1]
hdma_sdio_tx            0x20009eac    0x60  Data  Gb  main.o [1]
hsd                     0x20009d90    0x84  Data  Gb  main.o [1]
htim3                   0x20009fac    0x3c  Data  Gb  stm32f4xx_hal_timebase_tim.o [1]
inHandlerMode           0x080015b1     0xc  Code  Lc  cmsis_os.o [1]
inc_lock                0x08000255    0x6c  Code  Lc  ff.o [1]
ld_clust                0x080008cf    0x26  Code  Lc  ff.o [1]
ld_dword                0x0800018f    0x10  Code  Lc  ff.o [1]
ld_word                 0x08000189     0x6  Code  Lc  ff.o [1]
lock_fs                 0x080001d7    0x12  Code  Lc  ff.o [1]
main                    0x08004401    0xfa  Code  Gb  main.o [1]
makeFreeRtosPriority    0x080015a5     0xc  Code  Lc  cmsis_os.o [1]
mem_cpy                 0x080001bd    0x10  Code  Lc  ff.o [1]
mem_set                 0x080001cd     0xa  Code  Lc  ff.o [1]
move_window             0x08000359    0x34  Code  Lc  ff.o [1]
myMutex01Handle         0x20009e1c     0x4  Data  Gb  main.o [1]
myTask02Handle          0x20009e18     0x4  Data  Gb  main.o [1]
myfile                  0x20000004  0x1038  Data  Gb  main.o [1]
osDelay                 0x0800161d     0xe  Code  Gb  cmsis_os.o [1]
osKernelRunning         0x080015c7    0x10  Code  Gb  cmsis_os.o [1]
osKernelStart           0x080015bd     0xa  Code  Gb  cmsis_os.o [1]
osKernelSysTick         0x080015d7    0x1a  Code  Gb  cmsis_os.o [1]
osMessageCreate         0x08001713     0xa  Code  Gb  cmsis_os.o [1]
osMessageGet            0x08001779    0x62  Code  Gb  cmsis_os.o [1]
osMessagePut            0x0800171d    0x46  Code  Gb  cmsis_os.o [1]
osMutexCreate           0x0800162b     0x6  Code  Gb  cmsis_os.o [1]
osSemaphoreCreate       0x08001631    0x26  Code  Gb  cmsis_os.o [1]
osSemaphoreDelete       0x080016f9     0xc  Code  Gb  cmsis_os.o [1]
osSemaphoreRelease      0x080016b5    0x30  Code  Gb  cmsis_os.o [1]
osSemaphoreWait         0x08001657    0x40  Code  Gb  cmsis_os.o [1]
osThreadCreate          0x080015f1    0x2c  Code  Gb  cmsis_os.o [1]
prvAddCurrentTaskToDelayedList
                        0x08001f21    0x68  Code  Lc  tasks.o [1]
prvAddNewTaskToReadyList
                        0x080018fd    0xa8  Code  Lc  tasks.o [1]
prvCopyDataFromQueue    0x08002553    0x26  Code  Lc  queue.o [1]
prvCopyDataToQueue      0x080024eb    0x68  Code  Lc  queue.o [1]
prvDeleteTCB            0x08001d81    0x14  Code  Lc  tasks.o [1]
prvIdleTask             0x08001d2d    0x54  Code  Lc  tasks.o [1]
prvInitialiseNewQueue   0x08002057    0x16  Code  Lc  queue.o [1]
prvInitialiseNewTask    0x08001885    0x78  Code  Lc  tasks.o [1]
prvInsertBlockIntoFreeList
                        0x08002789    0x46  Code  Lc  heap_4.o [1]
prvIsQueueEmpty         0x080025df    0x16  Code  Lc  queue.o [1]
prvResetNextTaskUnblockTime
                        0x08001d95    0x1c  Code  Lc  tasks.o [1]
prvTaskExitError        0x0800288d    0x28  Code  Lc  port.o [1]
prvUnlockQueue          0x08002579    0x66  Code  Lc  queue.o [1]
put_fat                 0x080004ff   0x104  Code  Lc  ff.o [1]
pvPortMalloc            0x08002621    0xfa  Code  Gb  heap_4.o [1]
pvTaskIncrementMutexHeldCount
                        0x08001eeb    0x14  Code  Gb  tasks.o [1]
pxCurrentTCB            0x20009d18     0x4  Data  Gb  tasks.o [1]
pxDelayedTaskList       0x20009d1c     0x4  Data  Lc  tasks.o [1]
pxEnd                   0x200060e0     0x4  Data  Lc  heap_4.o [1]
pxOverflowDelayedTaskList
                        0x20009d20     0x4  Data  Lc  tasks.o [1]
pxPortInitialiseStack   0x08002865    0x26  Code  Gb  port.o [1]
pxReadyTasksLists       0x20009e20    0x8c  Data  Lc  tasks.o [1]
remove_chain            0x08000613    0x6e  Code  Lc  ff.o [1]
retSD                   0x2000a014     0x1  Data  Gb  fatfs.o [1]
st_clust                0x080008f5    0x26  Code  Lc  ff.o [1]
st_dword                0x080001ad    0x10  Code  Lc  ff.o [1]
st_word                 0x080001a5     0x8  Code  Lc  ff.o [1]
sync_fs                 0x0800038d    0x8a  Code  Lc  ff.o [1]
sync_window             0x08000313    0x38  Code  Lc  ff.o [1]
taskT1                  0x08004593    0x1a  Code  Gb  main.o [1]
taskT2                  0x080045ad    0x7e  Code  Gb  main.o [1]
ucHeap                  0x200060f0  0x3c00  Data  Lc  heap_4.o [1]
ucMaxSysCallPriority    0x200020b4     0x1  Data  Lc  port.o [1]
ulMaxPRIGROUPValue      0x200020bc     0x4  Data  Lc  port.o [1]
unlock_fs               0x080001e9    0x16  Code  Lc  ff.o [1]
uwTick                  0x200020cc     0x4  Data  Gb  stm32f4xx_hal.o [1]
uwTickFreq              0x200020c8     0x1  Data  Gb  stm32f4xx_hal.o [1]
uwTickPrio              0x200020d0     0x4  Data  Gb  stm32f4xx_hal.o [1]
uxCriticalNesting       0x200020b8     0x4  Data  Lc  port.o [1]
uxCurrentNumberOfTasks  0x20009d3c     0x4  Data  Lc  tasks.o [1]
uxDeletedTasksWaitingCleanUp
                        0x20009d24     0x4  Data  Lc  tasks.o [1]
uxListRemove            0x0800283f    0x24  Code  Gb  list.o [1]
uxPendedTicks           0x20009d4c     0x4  Data  Lc  tasks.o [1]
uxSchedulerSuspended    0x20009d60     0x4  Data  Lc  tasks.o [1]
uxTaskNumber            0x20009d58     0x4  Data  Lc  tasks.o [1]
uxTopReadyPriority      0x20009d44     0x4  Data  Lc  tasks.o [1]
vListInitialise         0x080027d5    0x1a  Code  Gb  list.o [1]
vListInitialiseItem     0x080027ef     0x6  Code  Gb  list.o [1]
vListInsert             0x0800280d    0x32  Code  Gb  list.o [1]
vListInsertEnd          0x080027f5    0x18  Code  Gb  list.o [1]
vPortEnableVFP          0x08002b55          Code  Gb  portasm.o [1]
vPortEnterCritical      0x0800294d    0x32  Code  Gb  port.o [1]
vPortExitCritical       0x0800297f    0x24  Code  Gb  port.o [1]
vPortFree               0x0800272d    0x4e  Code  Gb  heap_4.o [1]
vPortSetupTimerInterrupt
                        0x08002a31    0x20  Code  Wk  port.o [1]
vPortStartFirstTask     0x08002b3d          Code  Gb  portasm.o [1]
vPortValidateInterruptPriority
                        0x080029c9    0x42  Code  Gb  port.o [1]
vQueueDelete            0x080024cd    0x1e  Code  Gb  queue.o [1]
vQueueUnregisterQueue   0x080025f5    0x22  Code  Gb  queue.o [1]
vTaskDelay              0x080019a5    0x28  Code  Gb  tasks.o [1]
vTaskMissedYield        0x08001d21     0xa  Code  Gb  tasks.o [1]
vTaskPlaceOnEventList   0x08001c17    0x1c  Code  Gb  tasks.o [1]
vTaskPriorityInherit    0x08001dc9    0x7e  Code  Gb  tasks.o [1]
vTaskSetTimeOutState    0x08001ca1    0x20  Code  Gb  tasks.o [1]
vTaskStartScheduler     0x080019df    0x56  Code  Gb  tasks.o [1]
vTaskSuspendAll         0x08001a35     0xc  Code  Gb  tasks.o [1]
vTaskSwitchContext      0x08001bc5    0x52  Code  Gb  tasks.o [1]
validate                0x08000eff    0x40  Code  Lc  ff.o [1]
xBlockAllocatedBit      0x200060ec     0x4  Data  Lc  heap_4.o [1]
xDelayedTaskList1       0x20009d64    0x14  Data  Lc  tasks.o [1]
xDelayedTaskList2       0x20009d78    0x14  Data  Lc  tasks.o [1]
xFreeBytesRemaining     0x200060e4     0x4  Data  Lc  heap_4.o [1]
xIdleTaskHandle         0x20009d8c     0x4  Data  Lc  tasks.o [1]
xMinimumEverFreeBytesRemaining
                        0x200060e8     0x4  Data  Lc  heap_4.o [1]
xNextTaskUnblockTime    0x20009d5c     0x4  Data  Lc  tasks.o [1]
xNumOfOverflows         0x20009d54     0x4  Data  Lc  tasks.o [1]
xPendingReadyList       0x20009cf0    0x14  Data  Lc  tasks.o [1]
xPortStartScheduler     0x080028b5    0x84  Code  Gb  port.o [1]
xQueueCreateMutex       0x0800206d    0x28  Code  Gb  queue.o [1]
xQueueGenericCreate     0x0800201b    0x3c  Code  Gb  queue.o [1]
xQueueGenericReceive    0x080022e5   0x14e  Code  Gb  queue.o [1]
xQueueGenericReset      0x08001f9d    0x7e  Code  Gb  queue.o [1]
xQueueGenericSend       0x08002095   0x132  Code  Gb  queue.o [1]
xQueueGenericSendFromISR
                        0x080021c7    0x96  Code  Gb  queue.o [1]
xQueueGiveFromISR       0x0800225d    0x88  Code  Gb  queue.o [1]
xQueueReceiveFromISR    0x0800243b    0x7c  Code  Gb  queue.o [1]
xQueueRegistry          0x20009f6c    0x40  Data  Gb  queue.o [1]
xSchedulerRunning       0x20009d48     0x4  Data  Lc  tasks.o [1]
xStart                  0x200060d8     0x8  Data  Lc  heap_4.o [1]
xSuspendedTaskList      0x20009d28    0x14  Data  Lc  tasks.o [1]
xTaskCheckForTimeOut    0x08001cc1    0x58  Code  Gb  tasks.o [1]
xTaskCreate             0x0800182d    0x58  Code  Gb  tasks.o [1]
xTaskGetSchedulerState  0x08001db1    0x18  Code  Gb  tasks.o [1]
xTaskGetTickCount       0x08001ae5     0x8  Code  Gb  tasks.o [1]
xTaskGetTickCountFromISR
                        0x08001aed     0xe  Code  Gb  tasks.o [1]
xTaskIncrementTick      0x08001afb    0xb6  Code  Gb  tasks.o [1]
xTaskPriorityDisinherit
                        0x08001e47    0x8a  Code  Gb  tasks.o [1]
xTaskRemoveFromEventList
                        0x08001c37    0x56  Code  Gb  tasks.o [1]
xTaskResumeAll          0x08001a41    0x90  Code  Gb  tasks.o [1]
xTasksWaitingTermination
                        0x20009d04    0x14  Data  Lc  tasks.o [1]
xTickCount              0x20009d40     0x4  Data  Lc  tasks.o [1]
xYieldPending           0x20009d50     0x4  Data  Lc  tasks.o [1]


[1] = C:\Users\Administrator\Desktop\LerningProjects\freeRtos+FatFSDemo\EWARM\freeRtos+FatFSDemo\Obj
[2] = command line
[3] = dl7M_tlf.a
[4] = m7M_tls.a
[5] = rt7M_tl.a
[6] = shb_l.a

  21 450 bytes of readonly  code memory
     294 bytes of readonly  data memory
  40 996 bytes of readwrite data memory

Errors: none
Warnings: none
